Archive member included to satisfy reference by file (symbol)

app/libapp.a(main.c.obj)      (--whole-archive)
zephyr/libzephyr.a(cbprintf.c.obj)
                              (--whole-archive)
zephyr/libzephyr.a(crc32_sw.c.obj)
                              (--whole-archive)
zephyr/libzephyr.a(crc16_sw.c.obj)
                              (--whole-archive)
zephyr/libzephyr.a(crc8_sw.c.obj)
                              (--whole-archive)
zephyr/libzephyr.a(crc7_sw.c.obj)
                              (--whole-archive)
zephyr/libzephyr.a(dec.c.obj)
                              (--whole-archive)
zephyr/libzephyr.a(fdtable.c.obj)
                              (--whole-archive)
zephyr/libzephyr.a(hex.c.obj)
                              (--whole-archive)
zephyr/libzephyr.a(mempool.c.obj)
                              (--whole-archive)
zephyr/libzephyr.a(notify.c.obj)
                              (--whole-archive)
zephyr/libzephyr.a(printk.c.obj)
                              (--whole-archive)
zephyr/libzephyr.a(onoff.c.obj)
                              (--whole-archive)
zephyr/libzephyr.a(rb.c.obj)  (--whole-archive)
zephyr/libzephyr.a(sem.c.obj)
                              (--whole-archive)
zephyr/libzephyr.a(thread_entry.c.obj)
                              (--whole-archive)
zephyr/libzephyr.a(timeutil.c.obj)
                              (--whole-archive)
zephyr/libzephyr.a(work_q.c.obj)
                              (--whole-archive)
zephyr/libzephyr.a(heap.c.obj)
                              (--whole-archive)
zephyr/libzephyr.a(heap-validate.c.obj)
                              (--whole-archive)
zephyr/libzephyr.a(cbprintf_complete.c.obj)
                              (--whole-archive)
zephyr/libzephyr.a(configs.c.obj)
                              (--whole-archive)
zephyr/libzephyr.a(validate_base_addresses.c.obj)
                              (--whole-archive)
zephyr/libzephyr.a(validate_enabled_instances.c.obj)
                              (--whole-archive)
zephyr/libzephyr.a(log_list.c.obj)
                              (--whole-archive)
zephyr/libzephyr.a(log_core.c.obj)
                              (--whole-archive)
zephyr/libzephyr.a(log_msg.c.obj)
                              (--whole-archive)
zephyr/libzephyr.a(log_output.c.obj)
                              (--whole-archive)
zephyr/libzephyr.a(log_backend_uart.c.obj)
                              (--whole-archive)
zephyr/libzephyr.a(log_backend_rtt.c.obj)
                              (--whole-archive)
zephyr/libzephyr.a(power.c.obj)
                              (--whole-archive)
zephyr/libzephyr.a(reboot.c.obj)
                              (--whole-archive)
zephyr/libzephyr.a(policy_residency.c.obj)
                              (--whole-archive)
zephyr/libzephyr.a(uart_console.c.obj)
                              (--whole-archive)
zephyr/libzephyr.a(clock_control_nrf.c.obj)
                              (--whole-archive)
zephyr/libzephyr.a(sys_clock_init.c.obj)
                              (--whole-archive)
zephyr/libzephyr.a(nrf_rtc_timer.c.obj)
                              (--whole-archive)
zephyr/libzephyr.a(SEGGER_RTT.c.obj)
                              (--whole-archive)
zephyr/libzephyr.a(SEGGER_RTT_zephyr.c.obj)
                              (--whole-archive)
zephyr/arch/common/libarch__common.a(sw_isr_common.c.obj)
                              (--whole-archive)
zephyr/arch/arch/arm/core/aarch32/libarch__arm__core__aarch32.a(swap.c.obj)
                              (--whole-archive)
zephyr/arch/arch/arm/core/aarch32/libarch__arm__core__aarch32.a(irq_manage.c.obj)
                              (--whole-archive)
zephyr/arch/arch/arm/core/aarch32/libarch__arm__core__aarch32.a(thread.c.obj)
                              (--whole-archive)
zephyr/arch/arch/arm/core/aarch32/libarch__arm__core__aarch32.a(fatal.c.obj)
                              (--whole-archive)
zephyr/arch/arch/arm/core/aarch32/libarch__arm__core__aarch32.a(nmi.c.obj)
                              (--whole-archive)
zephyr/arch/arch/arm/core/aarch32/libarch__arm__core__aarch32.a(prep_c.c.obj)
                              (--whole-archive)
zephyr/arch/arch/arm/core/aarch32/libarch__arm__core__aarch32.a(swap_helper.S.obj)
                              (--whole-archive)
zephyr/arch/arch/arm/core/aarch32/libarch__arm__core__aarch32.a(cpu_idle.S.obj)
                              (--whole-archive)
zephyr/arch/arch/arm/core/aarch32/libarch__arm__core__aarch32.a(nmi_on_reset.S.obj)
                              (--whole-archive)
zephyr/arch/arch/arm/core/aarch32/libarch__arm__core__aarch32.a(isr_wrapper.S.obj)
                              (--whole-archive)
zephyr/arch/arch/arm/core/aarch32/cortex_m/libarch__arm__core__aarch32__cortex_m.a(vector_table.S.obj)
                              (--whole-archive)
zephyr/arch/arch/arm/core/aarch32/cortex_m/libarch__arm__core__aarch32__cortex_m.a(reset.S.obj)
                              (--whole-archive)
[...]
Memory Configuration

Name             Origin             Length             Attributes
FLASH            0x0000000000000000 0x0000000000080000 xr
SRAM             0x0000000020000000 0x0000000000010000 xw
IDT_LIST         0x0000000020010000 0x0000000000000800 xw
*default*        0x0000000000000000 0xffffffffffffffff

Linker script and memory map

LOAD zephyr/CMakeFiles/zephyr_final.dir/misc/empty_file.c.obj
LOAD zephyr/CMakeFiles/zephyr_final.dir/isr_tables.c.obj
                0x0000000000000020                _region_min_align = 0x20

.rel.plt        0x0000000000000000        0x0
 *(SORT_BY_ALIGNMENT(.rel.plt))
                [!provide]                        PROVIDE (__rel_iplt_start = .)
 *(SORT_BY_ALIGNMENT(.rel.iplt))
 .rel.iplt      0x0000000000000000        0x0 zephyr/CMakeFiles/zephyr_final.dir/isr_tables.c.obj
                [!provide]                        PROVIDE (__rel_iplt_end = .)

.rela.plt       0x0000000000000000        0x0
 *(SORT_BY_ALIGNMENT(.rela.plt))
                [!provide]                        PROVIDE (__rela_iplt_start = .)
 *(SORT_BY_ALIGNMENT(.rela.iplt))
                [!provide]                        PROVIDE (__rela_iplt_end = .)

.rel.dyn
 *(SORT_BY_ALIGNMENT(.rel.*))

.rela.dyn
 *(SORT_BY_ALIGNMENT(.rela.*))

/DISCARD/
 *(SORT_BY_ALIGNMENT(.plt))
 *(SORT_BY_ALIGNMENT(.iplt))
 *(SORT_BY_ALIGNMENT(.got.plt))
 *(SORT_BY_ALIGNMENT(.igot.plt))
 *(SORT_BY_ALIGNMENT(.got))
 *(SORT_BY_ALIGNMENT(.igot))
 *(SORT_BY_ALIGNMENT(.irq_info*))
 *(SORT_BY_ALIGNMENT(.intList*))
 *(SORT_BY_ALIGNMENT(.note.GNU-stack))
                0x0000000000000000                _image_rom_start = 0x0

rom_start       0x0000000000000000       0xdc
                0x0000000000000000                . = 0x0
                0x0000000000000000                . = ALIGN (0x4)
                0x0000000000000000                . = ALIGN (0x80)
                0x0000000000000000                . = ALIGN (0x100)
                0x0000000000000000                _vector_start = .
 *(SORT_BY_ALIGNMENT(.exc_vector_table))
 *(SORT_BY_ALIGNMENT(.exc_vector_table.*))
 .exc_vector_table._vector_table_section
                0x0000000000000000       0x40 zephyr/arch/arch/arm/core/aarch32/cortex_m/libarch__arm__core__aarch32__cortex_m.a(vector_table.S.obj)
                0x0000000000000000                _vector_table
 *(SORT_BY_ALIGNMENT(.gnu.linkonce.irq_vector_table*))
 .gnu.linkonce.irq_vector_table*
                0x0000000000000040       0x9c zephyr/CMakeFiles/zephyr_final.dir/isr_tables.c.obj
                0x0000000000000040                _irq_vector_table
 *(SORT_BY_ALIGNMENT(.vectors))
                0x00000000000000dc                _vector_end = .
 *(SORT_BY_ALIGNMENT(.openocd_dbg))
 *(SORT_BY_ALIGNMENT(.openocd_dbg.*))

text            0x00000000000000dc     0x5db0
                0x00000000000000dc                _image_text_start = .
 *(SORT_BY_ALIGNMENT(.text))
 .text          0x00000000000000dc       0x30 /opt/gnuarmemb/bin/../lib/gcc/arm-none-eabi/9.2.1/thumb/v7e-m/nofp/libgcc.a(_aeabi_uldivmod.o)
                0x00000000000000dc                __aeabi_uldivmod
 .text          0x000000000000010c      0x2c0 /opt/gnuarmemb/bin/../lib/gcc/arm-none-eabi/9.2.1/thumb/v7e-m/nofp/libgcc.a(_udivmoddi4.o)
                0x000000000000010c                __udivmoddi4
 .text          0x00000000000003cc        0x4 /opt/gnuarmemb/bin/../lib/gcc/arm-none-eabi/9.2.1/thumb/v7e-m/nofp/libgcc.a(_dvmd_tls.o)
                0x00000000000003cc                __aeabi_ldiv0
                0x00000000000003cc                __aeabi_idiv0
 *(SORT_BY_ALIGNMENT(.text.*))
 .text.pwm_pin_set_usec.constprop.0
                0x00000000000003d0       0x9c app/libapp.a(main.c.obj)
 .text.main     0x000000000000046c       0xbc app/libapp.a(main.c.obj)
                0x000000000000046c                main
 .text.char_out
                0x0000000000000528       0x10 zephyr/libzephyr.a(printk.c.obj)
 .text.__printk_hook_install
                0x0000000000000538        0xc zephyr/libzephyr.a(printk.c.obj)
                0x0000000000000538                __printk_hook_install
 .text.vprintk  0x0000000000000544       0x1c zephyr/libzephyr.a(printk.c.obj)
                0x0000000000000544                vprintk
 .text.vsnprintk
                0x0000000000000560       0x28 zephyr/libzephyr.a(printk.c.obj)
                0x0000000000000560                vsnprintk
 .text.process_event
                0x0000000000000588      0x1cc zephyr/libzephyr.a(onoff.c.obj)
 .text.extract_conversion
                0x0000000000000754      0x2b0 zephyr/libzephyr.a(cbprintf_complete.c.obj)
 .text.cbvprintf
                0x0000000000000a04      0x408 zephyr/libzephyr.a(cbprintf_complete.c.obj)
                0x0000000000000a04                cbvprintf
 .text.enable_logger
                0x0000000000000e0c       0x5c zephyr/libzephyr.a(log_core.c.obj)
 .text.log_process_thread_timer_expiry_fn
                0x0000000000000e68        0xc zephyr/libzephyr.a(log_core.c.obj)
 .text.log_core_init
                0x0000000000000e74       0x40 zephyr/libzephyr.a(log_core.c.obj)
                0x0000000000000e74                log_core_init
 .text.dropped_notify
                0x0000000000000eb4       0x4c zephyr/libzephyr.a(log_core.c.obj)
                0x0000000000000eb4                dropped_notify
 .text.log_dropped
                0x0000000000000f00       0x20 zephyr/libzephyr.a(log_core.c.obj)
                0x0000000000000f00                log_dropped
 .text.log_source_name_get
                0x0000000000000f20       0x1c zephyr/libzephyr.a(log_core.c.obj)
                0x0000000000000f20                log_source_name_get
 .text.log_backend_enable
                0x0000000000000f3c       0x34 zephyr/libzephyr.a(log_core.c.obj)
                0x0000000000000f3c                log_backend_enable
 .text.log_init
                0x0000000000000f70       0x54 zephyr/libzephyr.a(log_core.c.obj)
                0x0000000000000f70                log_init
 .text.log_strdup
                0x0000000000000fc4       0x6c zephyr/libzephyr.a(log_core.c.obj)
                0x0000000000000fc4                log_strdup
 .text.log_is_strdup
                0x0000000000001030       0x1c zephyr/libzephyr.a(log_core.c.obj)
                0x0000000000001030                log_is_strdup
 .text.z_impl_log_process
                0x000000000000104c      0x170 zephyr/libzephyr.a(log_core.c.obj)
                0x000000000000104c                z_impl_log_process
 .text.msg_finalize
                0x00000000000011bc       0xc4 zephyr/libzephyr.a(log_core.c.obj)
 .text.log_process_thread_func
                0x0000000000001280       0x48 zephyr/libzephyr.a(log_core.c.obj)
 .text.z_impl_log_panic
                0x00000000000012c8       0x48 zephyr/libzephyr.a(log_core.c.obj)
                0x00000000000012c8                z_impl_log_panic
 .text.log_free
                0x0000000000001310       0x34 zephyr/libzephyr.a(log_core.c.obj)
                0x0000000000001310                log_free
 .text.log_msg_pool_init
                0x0000000000001344       0x14 zephyr/libzephyr.a(log_msg.c.obj)
                0x0000000000001344                log_msg_pool_init
 .text.log_msg_no_space_handle
                0x0000000000001358       0x30 zephyr/libzephyr.a(log_msg.c.obj)
                0x0000000000001358                log_msg_no_space_handle
 .text.log_msg_chunk_alloc
                0x0000000000001388       0x28 zephyr/libzephyr.a(log_msg.c.obj)
                0x0000000000001388                log_msg_chunk_alloc
 .text.msg_free
                0x00000000000013b0       0x7c zephyr/libzephyr.a(log_msg.c.obj)
 .text.print_formatted
                0x000000000000142c       0x24 zephyr/libzephyr.a(log_output.c.obj)
 .text.prefix_print
                0x0000000000001450      0x11c zephyr/libzephyr.a(log_output.c.obj)
 .text.postfix_print
                0x000000000000156c       0x3c zephyr/libzephyr.a(log_output.c.obj)
 .text.hexdump_line_print
                0x00000000000015a8       0xdc zephyr/libzephyr.a(log_output.c.obj)
 .text.log_output_msg_process
                0x0000000000001684       0xf8 zephyr/libzephyr.a(log_output.c.obj)
                0x0000000000001684                log_output_msg_process
 .text.log_output_dropped_process
                0x000000000000177c       0x58 zephyr/libzephyr.a(log_output.c.obj)
                0x000000000000177c                log_output_dropped_process
 .text.log_output_timestamp_freq_set
                0x00000000000017d4       0x30 zephyr/libzephyr.a(log_output.c.obj)
                0x00000000000017d4                log_output_timestamp_freq_set
 .text.char_out
                0x0000000000001804       0x24 zephyr/libzephyr.a(log_backend_uart.c.obj)
 .text.panic    0x0000000000001828        0xc zephyr/libzephyr.a(log_backend_uart.c.obj)
 .text.dropped  0x0000000000001834        0xc zephyr/libzephyr.a(log_backend_uart.c.obj)
 .text.log_backend_uart_init
                0x0000000000001840       0x18 zephyr/libzephyr.a(log_backend_uart.c.obj)
 .text.put      0x0000000000001858       0x24 zephyr/libzephyr.a(log_backend_uart.c.obj)
 .text.log_backend_rtt_init
                0x000000000000187c        0xc zephyr/libzephyr.a(log_backend_rtt.c.obj)
 .text.panic    0x0000000000001888       0x14 zephyr/libzephyr.a(log_backend_rtt.c.obj)
 .text.dropped  0x000000000000189c        0xc zephyr/libzephyr.a(log_backend_rtt.c.obj)
 .text.put      0x00000000000018a8       0x24 zephyr/libzephyr.a(log_backend_rtt.c.obj)
 .text.on_failed_write.part.0
                0x00000000000018cc       0x1c zephyr/libzephyr.a(log_backend_rtt.c.obj)
 .text.data_out_block_mode
                0x00000000000018e8       0xa0 zephyr/libzephyr.a(log_backend_rtt.c.obj)
 .text.uart_console_init
                0x0000000000001988       0x2c zephyr/libzephyr.a(uart_console.c.obj)
 .text.console_out
                0x00000000000019b4       0x28 zephyr/libzephyr.a(uart_console.c.obj)
 .text.onoff_stop
                0x00000000000019dc       0x48 zephyr/libzephyr.a(clock_control_nrf.c.obj)
 .text.onoff_start
                0x0000000000001a24       0x54 zephyr/libzephyr.a(clock_control_nrf.c.obj)
 .text.clk_init
                0x0000000000001a78       0x60 zephyr/libzephyr.a(clock_control_nrf.c.obj)
 .text.clkstarted_handle.constprop.0
                0x0000000000001ad8       0x34 zephyr/libzephyr.a(clock_control_nrf.c.obj)
 .text.clock_event_handler
                0x0000000000001b0c       0x1c zephyr/libzephyr.a(clock_control_nrf.c.obj)
 .text.generic_hfclk_start
                0x0000000000001b28       0x64 zephyr/libzephyr.a(clock_control_nrf.c.obj)
 .text.lfclk_start
                0x0000000000001b8c       0x24 zephyr/libzephyr.a(clock_control_nrf.c.obj)
 .text.generic_hfclk_stop
                0x0000000000001bb0       0x2c zephyr/libzephyr.a(clock_control_nrf.c.obj)
 .text.api_blocking_start
                0x0000000000001bdc       0x34 zephyr/libzephyr.a(clock_control_nrf.c.obj)
 .text.z_nrf_clock_control_lf_on
                0x0000000000001c10      0x10c zephyr/libzephyr.a(clock_control_nrf.c.obj)
                0x0000000000001c10                z_nrf_clock_control_lf_on
 .text.handle_next_cycle_case
                0x0000000000001d1c       0x28 zephyr/libzephyr.a(nrf_rtc_timer.c.obj)
 .text.rtc_nrf_isr
                0x0000000000001d44       0x2c zephyr/libzephyr.a(nrf_rtc_timer.c.obj)
                0x0000000000001d44                rtc_nrf_isr
 .text.z_clock_driver_init
                0x0000000000001d70       0x54 zephyr/libzephyr.a(nrf_rtc_timer.c.obj)
                0x0000000000001d70                z_clock_driver_init
 .text.z_clock_set_timeout
                0x0000000000001dc4       0xcc zephyr/libzephyr.a(nrf_rtc_timer.c.obj)
                0x0000000000001dc4                z_clock_set_timeout
 .text.z_clock_elapsed
                0x0000000000001e90       0x34 zephyr/libzephyr.a(nrf_rtc_timer.c.obj)
                0x0000000000001e90                z_clock_elapsed
 .text.z_timer_cycle_get_32
                0x0000000000001ec4       0x34 zephyr/libzephyr.a(nrf_rtc_timer.c.obj)
                0x0000000000001ec4                z_timer_cycle_get_32
 .text._DoInit  0x0000000000001ef8       0x60 zephyr/libzephyr.a(SEGGER_RTT.c.obj)
 .text.SEGGER_RTT_WriteSkipNoLock
                0x0000000000001f58       0x98 zephyr/libzephyr.a(SEGGER_RTT.c.obj)
                0x0000000000001f58                SEGGER_RTT_WriteSkipNoLock
 .text.SEGGER_RTT_HasDataUp
                0x0000000000001ff0       0x14 zephyr/libzephyr.a(SEGGER_RTT.c.obj)
                0x0000000000001ff0                SEGGER_RTT_HasDataUp
 .text.arch_swap
                0x0000000000002004       0x34 zephyr/arch/arch/arm/core/aarch32/libarch__arm__core__aarch32.a(swap.c.obj)
                0x0000000000002004                arch_swap
 .text.arch_irq_enable
                0x0000000000002038       0x20 zephyr/arch/arch/arm/core/aarch32/libarch__arm__core__aarch32.a(irq_manage.c.obj)
                0x0000000000002038                arch_irq_enable
 .text.arch_irq_is_enabled
                0x0000000000002058       0x1c zephyr/arch/arch/arm/core/aarch32/libarch__arm__core__aarch32.a(irq_manage.c.obj)
                0x0000000000002058                arch_irq_is_enabled
 .text.z_arm_irq_priority_set
                0x0000000000002074       0x30 zephyr/arch/arch/arm/core/aarch32/libarch__arm__core__aarch32.a(irq_manage.c.obj)
                0x0000000000002074                z_arm_irq_priority_set
 .text.arch_new_thread
                0x00000000000020a4       0x38 zephyr/arch/arch/arm/core/aarch32/libarch__arm__core__aarch32.a(thread.c.obj)
                0x00000000000020a4                arch_new_thread
 .text.z_check_thread_stack_fail
                0x00000000000020dc       0x34 zephyr/arch/arch/arm/core/aarch32/libarch__arm__core__aarch32.a(thread.c.obj)
                0x00000000000020dc                z_check_thread_stack_fail
 .text.arch_switch_to_main_thread
                0x0000000000002110       0x34 zephyr/arch/arch/arm/core/aarch32/libarch__arm__core__aarch32.a(thread.c.obj)
                0x0000000000002110                arch_switch_to_main_thread
 .text.z_arm_fatal_error
                0x0000000000002144       0x70 zephyr/arch/arch/arm/core/aarch32/libarch__arm__core__aarch32.a(fatal.c.obj)
                0x0000000000002144                z_arm_fatal_error
 .text.z_arm_prep_c
                0x00000000000021b4       0x44 zephyr/arch/arch/arm/core/aarch32/libarch__arm__core__aarch32.a(prep_c.c.obj)
                0x00000000000021b4                z_arm_prep_c
 .text.z_arm_pendsv
                0x00000000000021f8       0x54 zephyr/arch/arch/arm/core/aarch32/libarch__arm__core__aarch32.a(swap_helper.S.obj)
                0x00000000000021f8                z_arm_pendsv
 .text.z_arm_svc
                0x000000000000224c       0x20 zephyr/arch/arch/arm/core/aarch32/libarch__arm__core__aarch32.a(swap_helper.S.obj)
                0x000000000000224c                z_arm_svc
 .text.z_arm_cpu_idle_init
                0x000000000000226c        0xc zephyr/arch/arch/arm/core/aarch32/libarch__arm__core__aarch32.a(cpu_idle.S.obj)
                0x000000000000226c                z_arm_cpu_idle_init
 .text.arch_cpu_idle
                0x0000000000002278       0x1c zephyr/arch/arch/arm/core/aarch32/libarch__arm__core__aarch32.a(cpu_idle.S.obj)
                0x0000000000002278                arch_cpu_idle
 .text.arch_cpu_atomic_idle
                0x0000000000002294       0x14 zephyr/arch/arch/arm/core/aarch32/libarch__arm__core__aarch32.a(cpu_idle.S.obj)
                0x0000000000002294                arch_cpu_atomic_idle
 .text.z_SysNmiOnReset
                0x00000000000022a8        0x8 zephyr/arch/arch/arm/core/aarch32/libarch__arm__core__aarch32.a(nmi_on_reset.S.obj)
                0x00000000000022a8                z_SysNmiOnReset
 .text._isr_wrapper
                0x00000000000022b0       0x40 zephyr/arch/arch/arm/core/aarch32/libarch__arm__core__aarch32.a(isr_wrapper.S.obj)
                0x00000000000022b0                _isr_wrapper
 .text._reset_section
                0x00000000000022f0       0x30 zephyr/arch/arch/arm/core/aarch32/cortex_m/libarch__arm__core__aarch32__cortex_m.a(reset.S.obj)
                0x00000000000022f0                z_arm_reset
                0x00000000000022f0                __start
 .text.__fault  0x0000000000002320       0x14 zephyr/arch/arch/arm/core/aarch32/cortex_m/libarch__arm__core__aarch32__cortex_m.a(fault_s.S.obj)
                0x0000000000002320                z_arm_bus_fault
                0x0000000000002320                z_arm_usage_fault
                0x0000000000002320                z_arm_mpu_fault
                0x0000000000002320                z_arm_exc_spurious
                0x0000000000002320                z_arm_debug_monitor
                0x0000000000002320                z_arm_hard_fault
 .text._HandlerModeExit
                0x0000000000002334       0x1c zephyr/arch/arch/arm/core/aarch32/cortex_m/libarch__arm__core__aarch32__cortex_m.a(exc_exit.S.obj)
                0x0000000000002334                z_arm_exc_exit
                0x0000000000002334                z_arm_int_exit
 .text.mem_manage_fault
                0x0000000000002350       0xfc zephyr/arch/arch/arm/core/aarch32/cortex_m/libarch__arm__core__aarch32__cortex_m.a(fault.c.obj)
 .text.usage_fault.isra.0
                0x000000000000244c       0xb8 zephyr/arch/arch/arm/core/aarch32/cortex_m/libarch__arm__core__aarch32__cortex_m.a(fault.c.obj)
 .text.bus_fault.isra.0
                0x0000000000002504       0xdc zephyr/arch/arch/arm/core/aarch32/cortex_m/libarch__arm__core__aarch32__cortex_m.a(fault.c.obj)
 .text.z_arm_fault
                0x00000000000025e0      0x19c zephyr/arch/arch/arm/core/aarch32/cortex_m/libarch__arm__core__aarch32__cortex_m.a(fault.c.obj)
                0x00000000000025e0                z_arm_fault
 .text.z_arm_fault_init
                0x000000000000277c       0x10 zephyr/arch/arch/arm/core/aarch32/cortex_m/libarch__arm__core__aarch32__cortex_m.a(fault.c.obj)
                0x000000000000277c                z_arm_fault_init
 .text.z_arm_interrupt_init
                0x000000000000278c       0x18 zephyr/arch/arch/arm/core/aarch32/cortex_m/libarch__arm__core__aarch32__cortex_m.a(irq_init.c.obj)
                0x000000000000278c                z_arm_interrupt_init
 .text.z_impl_k_thread_abort
                0x00000000000027a4       0x44 zephyr/arch/arch/arm/core/aarch32/cortex_m/libarch__arm__core__aarch32__cortex_m.a(thread_abort.c.obj)
                0x00000000000027a4                z_impl_k_thread_abort
 .text.z_arm_configure_static_mpu_regions
                0x00000000000027e8       0x38 zephyr/arch/arch/arm/core/aarch32/cortex_m/mpu/libarch__arm__core__aarch32__cortex_m__mpu.a(arm_core_mpu.c.obj)
                0x00000000000027e8                z_arm_configure_static_mpu_regions
 .text.z_arm_configure_dynamic_mpu_regions
                0x0000000000002820       0x28 zephyr/arch/arch/arm/core/aarch32/cortex_m/mpu/libarch__arm__core__aarch32__cortex_m__mpu.a(arm_core_mpu.c.obj)
                0x0000000000002820                z_arm_configure_dynamic_mpu_regions
 .text.mpu_configure_regions
                0x0000000000002848       0xc4 zephyr/arch/arch/arm/core/aarch32/cortex_m/mpu/libarch__arm__core__aarch32__cortex_m__mpu.a(arm_mpu.c.obj)
 .text.arm_core_mpu_enable
                0x000000000000290c       0x14 zephyr/arch/arch/arm/core/aarch32/cortex_m/mpu/libarch__arm__core__aarch32__cortex_m__mpu.a(arm_mpu.c.obj)
                0x000000000000290c                arm_core_mpu_enable
 .text.arm_core_mpu_disable
                0x0000000000002920       0x10 zephyr/arch/arch/arm/core/aarch32/cortex_m/mpu/libarch__arm__core__aarch32__cortex_m__mpu.a(arm_mpu.c.obj)
                0x0000000000002920                arm_core_mpu_disable
 .text.arm_mpu_init
                0x0000000000002930       0x5c zephyr/arch/arch/arm/core/aarch32/cortex_m/mpu/libarch__arm__core__aarch32__cortex_m__mpu.a(arm_mpu.c.obj)
 .text.arm_core_mpu_configure_static_mpu_regions
                0x000000000000298c       0x14 zephyr/arch/arch/arm/core/aarch32/cortex_m/mpu/libarch__arm__core__aarch32__cortex_m__mpu.a(arm_mpu.c.obj)
                0x000000000000298c                arm_core_mpu_configure_static_mpu_regions
 .text.arm_core_mpu_configure_dynamic_mpu_regions
                0x00000000000029a0       0x2c zephyr/arch/arch/arm/core/aarch32/cortex_m/mpu/libarch__arm__core__aarch32__cortex_m__mpu.a(arm_mpu.c.obj)
                0x00000000000029a0                arm_core_mpu_configure_dynamic_mpu_regions
 .text.__stdout_hook_install
                0x00000000000029cc        0xc zephyr/lib/libc/minimal/liblib__libc__minimal.a(stdout_console.c.obj)
                0x00000000000029cc                __stdout_hook_install
 .text.nordicsemi_nrf52_init
                0x00000000000029d8       0x30 zephyr/soc/arm/nordic_nrf/nrf52/libsoc__arm__nordic_nrf__nrf52.a(soc.c.obj)
 .text.sys_arch_reboot
                0x0000000000002a08       0x2c zephyr/soc/arm/nordic_nrf/nrf52/libsoc__arm__nordic_nrf__nrf52.a(soc.c.obj)
                0x0000000000002a08                sys_arch_reboot
 .text.arch_busy_wait
                0x0000000000002a34       0x14 zephyr/soc/arm/nordic_nrf/nrf52/libsoc__arm__nordic_nrf__nrf52.a(soc.c.obj)
                0x0000000000002a34                arch_busy_wait
 .text.gpio_nrfx_init
                0x0000000000002a48       0x30 zephyr/drivers/gpio/libdrivers__gpio.a(gpio_nrfx.c.obj)
 .text.gpio_nrfx_config
                0x0000000000002a78       0xb8 zephyr/drivers/gpio/libdrivers__gpio.a(gpio_nrfx.c.obj)
 .text.gpio_nrfx_pin_interrupt_configure
                0x0000000000002b30      0x1d0 zephyr/drivers/gpio/libdrivers__gpio.a(gpio_nrfx.c.obj)
 .text.gpiote_event_handler
                0x0000000000002d00      0x114 zephyr/drivers/gpio/libdrivers__gpio.a(gpio_nrfx.c.obj)
 .text.pwm_nrfx_get_cycles_per_sec
                0x0000000000002e14       0x10 zephyr/drivers/pwm/libdrivers__pwm.a(pwm_nrfx.c.obj)
 .text.pwm_nrfx_init
                0x0000000000002e24       0x48 zephyr/drivers/pwm/libdrivers__pwm.a(pwm_nrfx.c.obj)
 .text.pwm_nrfx_pin_set
                0x0000000000002e6c      0x1bc zephyr/drivers/pwm/libdrivers__pwm.a(pwm_nrfx.c.obj)
 .text.uarte_nrfx_configure
                0x0000000000003028      0x160 zephyr/drivers/serial/libdrivers__serial.a(uart_nrfx_uarte.c.obj)
 .text.uarte_nrfx_poll_out
                0x0000000000003188       0xb8 zephyr/drivers/serial/libdrivers__serial.a(uart_nrfx_uarte.c.obj)
 .text.uarte_0_init
                0x0000000000003240      0x118 zephyr/drivers/serial/libdrivers__serial.a(uart_nrfx_uarte.c.obj)
 .text.k_sys_fatal_error_handler
                0x0000000000003358       0x2c modules/nrf/lib/fatal_error/lib..__nrf__lib__fatal_error.a(fatal_error.c.obj)
                0x0000000000003358                k_sys_fatal_error_handler
 .text.nrf52_errata_12
                0x0000000000003384       0x1c modules/nordic/lib..__modules__hal__nordic.a(system_nrf52.c.obj)
 .text.nrf52_errata_16
                0x00000000000033a0       0x2c modules/nordic/lib..__modules__hal__nordic.a(system_nrf52.c.obj)
 .text.nvmc_wait
                0x00000000000033cc       0x10 modules/nordic/lib..__modules__hal__nordic.a(system_nrf52.c.obj)
                0x00000000000033cc                nvmc_wait
 .text.SystemInit
                0x00000000000033dc      0x244 modules/nordic/lib..__modules__hal__nordic.a(system_nrf52.c.obj)
                0x00000000000033dc                SystemInit
 .text.nrfx_clock_init
                0x0000000000003620       0x20 modules/nordic/lib..__modules__hal__nordic.a(nrfx_clock.c.obj)
                0x0000000000003620                nrfx_clock_init
 .text.nrfx_clock_start
                0x0000000000003640       0x98 modules/nordic/lib..__modules__hal__nordic.a(nrfx_clock.c.obj)
                0x0000000000003640                nrfx_clock_start
 .text.nrfx_clock_stop
                0x00000000000036d8       0x8c modules/nordic/lib..__modules__hal__nordic.a(nrfx_clock.c.obj)
                0x00000000000036d8                nrfx_clock_stop
 .text.nrfx_power_clock_irq_handler
                0x0000000000003764       0x68 modules/nordic/lib..__modules__hal__nordic.a(nrfx_clock.c.obj)
                0x0000000000003764                nrfx_power_clock_irq_handler
 .text.nrfx_ppi_channel_alloc
                0x00000000000037cc       0x68 modules/nordic/lib..__modules__hal__nordic.a(nrfx_ppi.c.obj)
                0x00000000000037cc                nrfx_ppi_channel_alloc
 .text.nrfx_pwm_init
                0x0000000000003834      0x100 modules/nordic/lib..__modules__hal__nordic.a(nrfx_pwm.c.obj)
                0x0000000000003834                nrfx_pwm_init
 .text.nrfx_pwm_simple_playback
                0x0000000000003934       0x7c modules/nordic/lib..__modules__hal__nordic.a(nrfx_pwm.c.obj)
                0x0000000000003934                nrfx_pwm_simple_playback
 .text.nrfx_pwm_is_stopped
                0x00000000000039b0       0x28 modules/nordic/lib..__modules__hal__nordic.a(nrfx_pwm.c.obj)
                0x00000000000039b0                nrfx_pwm_is_stopped
 .text.z_sys_init_run_level
                0x00000000000039d8       0x50 zephyr/kernel/libkernel.a(device.c.obj)
                0x00000000000039d8                z_sys_init_run_level
 .text.z_device_ready
                0x0000000000003a28       0x2c zephyr/kernel/libkernel.a(device.c.obj)
                0x0000000000003a28                z_device_ready
 .text.z_impl_device_get_binding
                0x0000000000003a54       0x50 zephyr/kernel/libkernel.a(device.c.obj)
                0x0000000000003a54                z_impl_device_get_binding
 .text.z_fatal_error
                0x0000000000003aa4       0xbc zephyr/kernel/libkernel.a(fatal.c.obj)
                0x0000000000003aa4                z_fatal_error
 .text.idle     0x0000000000003b60       0x78 zephyr/kernel/libkernel.a(idle.c.obj)
                0x0000000000003b60                idle
 .text.z_bss_zero
                0x0000000000003bd8       0x14 zephyr/kernel/libkernel.a(init.c.obj)
                0x0000000000003bd8                z_bss_zero
 .text.z_data_copy
                0x0000000000003bec       0x34 zephyr/kernel/libkernel.a(init.c.obj)
                0x0000000000003bec                z_data_copy
 .text.bg_thread_main
                0x0000000000003c20       0x48 zephyr/kernel/libkernel.a(init.c.obj)
 .text.z_cstart
                0x0000000000003c68      0x108 zephyr/kernel/libkernel.a(init.c.obj)
                0x0000000000003c68                z_cstart
 .text.init_mem_slab_module
                0x0000000000003d70       0x44 zephyr/kernel/libkernel.a(mem_slab.c.obj)
 .text.k_mem_slab_alloc
                0x0000000000003db4       0x64 zephyr/kernel/libkernel.a(mem_slab.c.obj)
                0x0000000000003db4                k_mem_slab_alloc
 .text.k_mem_slab_free
                0x0000000000003e18       0x54 zephyr/kernel/libkernel.a(mem_slab.c.obj)
                0x0000000000003e18                k_mem_slab_free
 .text.z_impl_k_mutex_lock
                0x0000000000003e6c       0xf0 zephyr/kernel/libkernel.a(mutex.c.obj)
                0x0000000000003e6c                z_impl_k_mutex_lock
 .text.z_impl_k_mutex_unlock
                0x0000000000003f5c       0x8c zephyr/kernel/libkernel.a(mutex.c.obj)
                0x0000000000003f5c                z_impl_k_mutex_unlock
 .text.z_reset_time_slice
                0x0000000000003fe8       0x2c zephyr/kernel/libkernel.a(sched.c.obj)
                0x0000000000003fe8                z_reset_time_slice
 .text.k_sched_time_slice_set
                0x0000000000004014       0x58 zephyr/kernel/libkernel.a(sched.c.obj)
                0x0000000000004014                k_sched_time_slice_set
 .text.z_reschedule
                0x000000000000406c       0x24 zephyr/kernel/libkernel.a(sched.c.obj)
                0x000000000000406c                z_reschedule
 .text.k_sched_lock
                0x0000000000004090       0x28 zephyr/kernel/libkernel.a(sched.c.obj)
                0x0000000000004090                k_sched_lock
 .text.z_priq_dumb_remove
                0x00000000000040b8       0x2c zephyr/kernel/libkernel.a(sched.c.obj)
                0x00000000000040b8                z_priq_dumb_remove
 .text.update_cache
                0x00000000000040e4       0x50 zephyr/kernel/libkernel.a(sched.c.obj)
 .text.k_sched_unlock
                0x0000000000004134       0x38 zephyr/kernel/libkernel.a(sched.c.obj)
                0x0000000000004134                k_sched_unlock
 .text.ready_thread
                0x000000000000416c       0x70 zephyr/kernel/libkernel.a(sched.c.obj)
 .text.z_sched_start
                0x00000000000041dc       0x3c zephyr/kernel/libkernel.a(sched.c.obj)
                0x00000000000041dc                z_sched_start
 .text.move_thread_to_end_of_prio_q
                0x0000000000004218       0x74 zephyr/kernel/libkernel.a(sched.c.obj)
 .text.z_time_slice
                0x000000000000428c       0x84 zephyr/kernel/libkernel.a(sched.c.obj)
                0x000000000000428c                z_time_slice
 .text.z_impl_k_thread_suspend
                0x0000000000004310       0x68 zephyr/kernel/libkernel.a(sched.c.obj)
                0x0000000000004310                z_impl_k_thread_suspend
 .text.z_thread_single_abort
                0x0000000000004378      0x104 zephyr/kernel/libkernel.a(sched.c.obj)
                0x0000000000004378                z_thread_single_abort
 .text.unready_thread
                0x000000000000447c       0x34 zephyr/kernel/libkernel.a(sched.c.obj)
 .text.pend     0x00000000000044b0       0x4c zephyr/kernel/libkernel.a(sched.c.obj)
 .text.z_pend_curr
                0x00000000000044fc       0x28 zephyr/kernel/libkernel.a(sched.c.obj)
                0x00000000000044fc                z_pend_curr
 .text.z_tick_sleep.part.0
                0x0000000000004524       0x5c zephyr/kernel/libkernel.a(sched.c.obj)
 .text.z_set_prio
                0x0000000000004580       0x88 zephyr/kernel/libkernel.a(sched.c.obj)
                0x0000000000004580                z_set_prio
 .text.z_sched_init
                0x0000000000004608       0x18 zephyr/kernel/libkernel.a(sched.c.obj)
                0x0000000000004608                z_sched_init
 .text.z_impl_k_yield
                0x0000000000004620       0x9c zephyr/kernel/libkernel.a(sched.c.obj)
                0x0000000000004620                z_impl_k_yield
 .text.z_impl_k_sleep
                0x00000000000046bc       0x40 zephyr/kernel/libkernel.a(sched.c.obj)
                0x00000000000046bc                z_impl_k_sleep
 .text.z_impl_k_current_get
                0x00000000000046fc        0xc zephyr/kernel/libkernel.a(sched.c.obj)
                0x00000000000046fc                z_impl_k_current_get
 .text.z_impl_k_sem_give
                0x0000000000004708       0x40 zephyr/kernel/libkernel.a(sem.c.obj)
                0x0000000000004708                z_impl_k_sem_give
 .text.z_impl_k_sem_take
                0x0000000000004748       0x54 zephyr/kernel/libkernel.a(sem.c.obj)
                0x0000000000004748                z_impl_k_sem_take
 .text.z_setup_new_thread
                0x000000000000479c       0x64 zephyr/kernel/libkernel.a(thread.c.obj)
                0x000000000000479c                z_setup_new_thread
 .text.z_impl_k_thread_create
                0x0000000000004800       0x58 zephyr/kernel/libkernel.a(thread.c.obj)
                0x0000000000004800                z_impl_k_thread_create
 .text.z_init_static_threads
                0x0000000000004858       0xbc zephyr/kernel/libkernel.a(thread.c.obj)
                0x0000000000004858                z_init_static_threads
 .text.z_self_abort
                0x0000000000004914       0x28 zephyr/kernel/libkernel.a(thread_abort.c.obj)
                0x0000000000004914                z_self_abort
 .text.elapsed  0x000000000000493c       0x14 zephyr/kernel/libkernel.a(timeout.c.obj)
 .text.remove_timeout
                0x0000000000004950       0x34 zephyr/kernel/libkernel.a(timeout.c.obj)
 .text.next_timeout
                0x0000000000004984       0x58 zephyr/kernel/libkernel.a(timeout.c.obj)
 .text.z_add_timeout
                0x00000000000049dc      0x110 zephyr/kernel/libkernel.a(timeout.c.obj)
                0x00000000000049dc                z_add_timeout
 .text.z_clock_announce
                0x0000000000004aec       0xd8 zephyr/kernel/libkernel.a(timeout.c.obj)
                0x0000000000004aec                z_clock_announce
 .text.z_tick_get
                0x0000000000004bc4       0x34 zephyr/kernel/libkernel.a(timeout.c.obj)
                0x0000000000004bc4                z_tick_get
 .text.z_timer_expiration_handler
                0x0000000000004bf8       0x4c zephyr/kernel/libkernel.a(timer.c.obj)
                0x0000000000004bf8                z_timer_expiration_handler
 .text.z_impl_k_timer_start
                0x0000000000004c44       0xb8 zephyr/kernel/libkernel.a(timer.c.obj)
                0x0000000000004c44                z_impl_k_timer_start
 .text.statics_init
                0x0000000000004cfc       0x24 zephyr/kernel/libkernel.a(kheap.c.obj)
 .text.sys_notify_validate
                0x0000000000004d20       0x22 zephyr/libzephyr.a(notify.c.obj)
                0x0000000000004d20                sys_notify_validate
 .text.sys_notify_finalize
                0x0000000000004d42       0x1a zephyr/libzephyr.a(notify.c.obj)
                0x0000000000004d42                sys_notify_finalize
 .text.arch_printk_char_out
                0x0000000000004d5c        0x4 zephyr/libzephyr.a(printk.c.obj)
                0x0000000000004d5c                arch_printk_char_out
 .text.str_out  0x0000000000004d60       0x26 zephyr/libzephyr.a(printk.c.obj)
 .text.printk   0x0000000000004d86       0x1a zephyr/libzephyr.a(printk.c.obj)
                0x0000000000004d86                printk
 .text.snprintk
                0x0000000000004da0       0x1a zephyr/libzephyr.a(printk.c.obj)
                0x0000000000004da0                snprintk
 .text.process_recheck
                0x0000000000004dba       0x38 zephyr/libzephyr.a(onoff.c.obj)
 .text.notify_one
                0x0000000000004df2       0x2c zephyr/libzephyr.a(onoff.c.obj)
 .text.transition_complete
                0x0000000000004e1e       0x1c zephyr/libzephyr.a(onoff.c.obj)
 .text.validate_args
                0x0000000000004e3a       0x1e zephyr/libzephyr.a(onoff.c.obj)
 .text.onoff_manager_init
                0x0000000000004e58       0x26 zephyr/libzephyr.a(onoff.c.obj)
                0x0000000000004e58                onoff_manager_init
 .text.onoff_request
                0x0000000000004e7e       0x92 zephyr/libzephyr.a(onoff.c.obj)
                0x0000000000004e7e                onoff_request
 .text.z_thread_entry
                0x0000000000004f10       0x14 zephyr/libzephyr.a(thread_entry.c.obj)
                0x0000000000004f10                z_thread_entry
 .text.chunk_field
                0x0000000000004f24       0x16 zephyr/libzephyr.a(heap.c.obj)
 .text.chunk_set
                0x0000000000004f3a       0x16 zephyr/libzephyr.a(heap.c.obj)
 .text.chunk_size
                0x0000000000004f50        0xc zephyr/libzephyr.a(heap.c.obj)
 .text.set_chunk_used
                0x0000000000004f5c       0x30 zephyr/libzephyr.a(heap.c.obj)
 .text.set_chunk_size
                0x0000000000004f8c        0x8 zephyr/libzephyr.a(heap.c.obj)
 .text.bucket_idx
                0x0000000000004f94       0x1a zephyr/libzephyr.a(heap.c.obj)
 .text.free_list_add
                0x0000000000004fae       0x8a zephyr/libzephyr.a(heap.c.obj)
 .text.sys_heap_init
                0x0000000000005038       0xa4 zephyr/libzephyr.a(heap.c.obj)
                0x0000000000005038                sys_heap_init
 .text.encode_uint
                0x00000000000050dc       0x96 zephyr/libzephyr.a(cbprintf_complete.c.obj)
 .text.outs     0x0000000000005172       0x2c zephyr/libzephyr.a(cbprintf_complete.c.obj)
 .text._ConfigAbsSyms
                0x000000000000519e        0x2 zephyr/libzephyr.a(configs.c.obj)
                0x000000000000519e                _ConfigAbsSyms
 .text.log_list_init
                0x00000000000051a0        0x8 zephyr/libzephyr.a(log_list.c.obj)
                0x00000000000051a0                log_list_init
 .text.log_list_add_tail
                0x00000000000051a8       0x14 zephyr/libzephyr.a(log_list.c.obj)
                0x00000000000051a8                log_list_add_tail
 .text.log_list_head_peek
                0x00000000000051bc        0x4 zephyr/libzephyr.a(log_list.c.obj)
                0x00000000000051bc                log_list_head_peek
 .text.log_list_head_get
                0x00000000000051c0        0xc zephyr/libzephyr.a(log_list.c.obj)
                0x00000000000051c0                log_list_head_get
 .text.z_log_msg_std_alloc
                0x00000000000051cc       0x12 zephyr/libzephyr.a(log_core.c.obj)
 .text.k_cycle_get_32_wrapper
                0x00000000000051de        0x4 zephyr/libzephyr.a(log_core.c.obj)
 .text.dummy_timestamp
                0x00000000000051e2        0x4 zephyr/libzephyr.a(log_core.c.obj)
 .text.z_log_get_s_mask
                0x00000000000051e6       0x40 zephyr/libzephyr.a(log_core.c.obj)
                0x00000000000051e6                z_log_get_s_mask
 .text.log_0    0x0000000000005226       0x1a zephyr/libzephyr.a(log_core.c.obj)
                0x0000000000005226                log_0
 .text.log_1    0x0000000000005240       0x28 zephyr/libzephyr.a(log_core.c.obj)
                0x0000000000005240                log_1
 .text.log_2    0x0000000000005268       0x32 zephyr/libzephyr.a(log_core.c.obj)
                0x0000000000005268                log_2
 .text.log_3    0x000000000000529a       0x38 zephyr/libzephyr.a(log_core.c.obj)
                0x000000000000529a                log_3
 .text.log_msg_hexdump_data_op
                0x00000000000052d2       0xac zephyr/libzephyr.a(log_msg.c.obj)
 .text.log_msg_get
                0x000000000000537e       0x1a zephyr/libzephyr.a(log_msg.c.obj)
                0x000000000000537e                log_msg_get
 .text.log_msg_nargs_get
                0x0000000000005398        0x6 zephyr/libzephyr.a(log_msg.c.obj)
                0x0000000000005398                log_msg_nargs_get
 .text.log_msg_arg_get
                0x000000000000539e       0x3e zephyr/libzephyr.a(log_msg.c.obj)
                0x000000000000539e                log_msg_arg_get
 .text.log_msg_put
                0x00000000000053dc       0x26 zephyr/libzephyr.a(log_msg.c.obj)
                0x00000000000053dc                log_msg_put
 .text.log_msg_str_get
                0x0000000000005402        0x4 zephyr/libzephyr.a(log_msg.c.obj)
                0x0000000000005402                log_msg_str_get
 .text.log_msg_hexdump_data_get
                0x0000000000005406        0xe zephyr/libzephyr.a(log_msg.c.obj)
                0x0000000000005406                log_msg_hexdump_data_get
 .text.buffer_write
                0x0000000000005414       0x1a zephyr/libzephyr.a(log_output.c.obj)
 .text.std_print
                0x000000000000542e      0x2ba zephyr/libzephyr.a(log_output.c.obj)
 .text.log_output_flush
                0x00000000000056e8       0x1a zephyr/libzephyr.a(log_output.c.obj)
                0x00000000000056e8                log_output_flush
 .text.out_func
                0x0000000000005702       0x36 zephyr/libzephyr.a(log_output.c.obj)
 .text.get_status
                0x0000000000005738       0x12 zephyr/libzephyr.a(clock_control_nrf.c.obj)
 .text.set_off_state
                0x000000000000574a       0x32 zephyr/libzephyr.a(clock_control_nrf.c.obj)
 .text.set_starting_state
                0x000000000000577c       0x3c zephyr/libzephyr.a(clock_control_nrf.c.obj)
 .text.set_on_state
                0x00000000000057b8       0x26 zephyr/libzephyr.a(clock_control_nrf.c.obj)
 .text.onoff_started_callback
                0x00000000000057de       0x12 zephyr/libzephyr.a(clock_control_nrf.c.obj)
 .text.blocking_start_callback
                0x00000000000057f0        0x6 zephyr/libzephyr.a(clock_control_nrf.c.obj)
 .text.lfclk_stop
                0x00000000000057f6        0x6 zephyr/libzephyr.a(clock_control_nrf.c.obj)
 .text.api_stop
                0x00000000000057fc       0x28 zephyr/libzephyr.a(clock_control_nrf.c.obj)
 .text.api_start
                0x0000000000005824       0x34 zephyr/libzephyr.a(clock_control_nrf.c.obj)
 .text.z_clock_isr
                0x0000000000005858        0x2 zephyr/libzephyr.a(sys_clock_init.c.obj)
                0x0000000000005858                z_clock_isr
 .text.z_clock_idle_exit
                0x000000000000585a        0x2 zephyr/libzephyr.a(sys_clock_init.c.obj)
                0x000000000000585a                z_clock_idle_exit
 .text.SEGGER_RTT_Init
                0x000000000000585c        0x4 zephyr/libzephyr.a(SEGGER_RTT.c.obj)
                0x000000000000585c                SEGGER_RTT_Init
 .text.rtt_init
                0x0000000000005860        0xa zephyr/libzephyr.a(SEGGER_RTT_zephyr.c.obj)
 .text.z_irq_spurious
                0x000000000000586a        0x8 zephyr/arch/arch/arm/core/aarch32/libarch__arm__core__aarch32.a(irq_manage.c.obj)
                0x000000000000586a                z_irq_spurious
 .text.z_do_kernel_oops
                0x0000000000005872        0x8 zephyr/arch/arch/arm/core/aarch32/libarch__arm__core__aarch32.a(fatal.c.obj)
                0x0000000000005872                z_do_kernel_oops
 .text.z_arm_nmi
                0x000000000000587a        0xe zephyr/arch/arch/arm/core/aarch32/libarch__arm__core__aarch32.a(nmi.c.obj)
                0x000000000000587a                z_arm_nmi
 .text.strcpy   0x0000000000005888       0x14 zephyr/lib/libc/minimal/liblib__libc__minimal.a(string.c.obj)
                0x0000000000005888                strcpy
 .text.strncpy  0x000000000000589c       0x26 zephyr/lib/libc/minimal/liblib__libc__minimal.a(string.c.obj)
                0x000000000000589c                strncpy
 .text.strlen   0x00000000000058c2        0xe zephyr/lib/libc/minimal/liblib__libc__minimal.a(string.c.obj)
                0x00000000000058c2                strlen
 .text.strcmp   0x00000000000058d0       0x18 zephyr/lib/libc/minimal/liblib__libc__minimal.a(string.c.obj)
                0x00000000000058d0                strcmp
 .text.memcpy   0x00000000000058e8       0x56 zephyr/lib/libc/minimal/liblib__libc__minimal.a(string.c.obj)
                0x00000000000058e8                memcpy
 .text.memset   0x000000000000593e       0x46 zephyr/lib/libc/minimal/liblib__libc__minimal.a(string.c.obj)
                0x000000000000593e                memset
 .text._stdout_hook_default
                0x0000000000005984        0x6 zephyr/lib/libc/minimal/liblib__libc__minimal.a(stdout_console.c.obj)
 .text.z_platform_init
                0x000000000000598a        0x4 zephyr/soc/arm/nordic_nrf/nrf52/libsoc__arm__nordic_nrf__nrf52.a(soc.c.obj)
                0x000000000000598a                z_platform_init
 .text.nrf_gpio_cfg_sense_set
                0x000000000000598e       0x1c zephyr/drivers/gpio/libdrivers__gpio.a(gpio_nrfx.c.obj)
 .text.gpio_nrfx_port_get_raw
                0x00000000000059aa        0xe zephyr/drivers/gpio/libdrivers__gpio.a(gpio_nrfx.c.obj)
 .text.gpio_nrfx_port_set_masked_raw
                0x00000000000059b8       0x16 zephyr/drivers/gpio/libdrivers__gpio.a(gpio_nrfx.c.obj)
 .text.gpio_nrfx_port_set_bits_raw
                0x00000000000059ce        0xc zephyr/drivers/gpio/libdrivers__gpio.a(gpio_nrfx.c.obj)
 .text.gpio_nrfx_port_clear_bits_raw
                0x00000000000059da        0xc zephyr/drivers/gpio/libdrivers__gpio.a(gpio_nrfx.c.obj)
 .text.gpio_nrfx_port_toggle_bits
                0x00000000000059e6       0x12 zephyr/drivers/gpio/libdrivers__gpio.a(gpio_nrfx.c.obj)
 .text.gpio_nrfx_manage_callback
                0x00000000000059f8       0x56 zephyr/drivers/gpio/libdrivers__gpio.a(gpio_nrfx.c.obj)
 .text.any_other_channel_is_active
                0x0000000000005a4e       0x2a zephyr/drivers/pwm/libdrivers__pwm.a(pwm_nrfx.c.obj)
 .text.uarte_nrfx_isr_int
                0x0000000000005a78       0x40 zephyr/drivers/serial/libdrivers__serial.a(uart_nrfx_uarte.c.obj)
 .text.uarte_nrfx_config_get
                0x0000000000005ab8       0x10 zephyr/drivers/serial/libdrivers__serial.a(uart_nrfx_uarte.c.obj)
 .text.uarte_nrfx_err_check
                0x0000000000005ac8        0xe zephyr/drivers/serial/libdrivers__serial.a(uart_nrfx_uarte.c.obj)
 .text.is_tx_ready
                0x0000000000005ad6       0x1e zephyr/drivers/serial/libdrivers__serial.a(uart_nrfx_uarte.c.obj)
 .text.uarte_nrfx_poll_in
                0x0000000000005af4       0x26 zephyr/drivers/serial/libdrivers__serial.a(uart_nrfx_uarte.c.obj)
 .text.nrfx_isr
                0x0000000000005b1a        0x2 modules/nordic/lib..__modules__hal__nordic.a(nrfx_glue.c.obj)
                0x0000000000005b1a                nrfx_isr
 .text.nrfx_busy_wait
                0x0000000000005b1c        0x4 modules/nordic/lib..__modules__hal__nordic.a(nrfx_glue.c.obj)
                0x0000000000005b1c                nrfx_busy_wait
 .text.nrfx_clock_enable
                0x0000000000005b20       0x14 modules/nordic/lib..__modules__hal__nordic.a(nrfx_clock.c.obj)
                0x0000000000005b20                nrfx_clock_enable
 .text.start_playback.isra.0
                0x0000000000005b34       0x46 modules/nordic/lib..__modules__hal__nordic.a(nrfx_pwm.c.obj)
 .text.nrfx_pwm_stop
                0x0000000000005b7a       0x2c modules/nordic/lib..__modules__hal__nordic.a(nrfx_pwm.c.obj)
                0x0000000000005b7a                nrfx_pwm_stop
 .text.z_sys_power_save_idle_exit
                0x0000000000005ba6        0x4 zephyr/kernel/libkernel.a(idle.c.obj)
                0x0000000000005ba6                z_sys_power_save_idle_exit
 .text.k_mem_slab_init
                0x0000000000005baa       0x36 zephyr/kernel/libkernel.a(mem_slab.c.obj)
                0x0000000000005baa                k_mem_slab_init
 .text.z_find_first_thread_to_unpend
                0x0000000000005be0       0x20 zephyr/kernel/libkernel.a(sched.c.obj)
                0x0000000000005be0                z_find_first_thread_to_unpend
 .text.z_unpend_thread_no_timeout
                0x0000000000005c00       0x20 zephyr/kernel/libkernel.a(sched.c.obj)
                0x0000000000005c00                z_unpend_thread_no_timeout
 .text.z_reschedule_irqlock
                0x0000000000005c20       0x18 zephyr/kernel/libkernel.a(sched.c.obj)
                0x0000000000005c20                z_reschedule_irqlock
 .text.z_reschedule_unlocked
                0x0000000000005c38       0x14 zephyr/kernel/libkernel.a(sched.c.obj)
 .text.unpend_thread_no_timeout
                0x0000000000005c4c       0x18 zephyr/kernel/libkernel.a(sched.c.obj)
 .text.z_priq_dumb_best
                0x0000000000005c64       0x14 zephyr/kernel/libkernel.a(sched.c.obj)
                0x0000000000005c64                z_priq_dumb_best
 .text.z_ready_thread
                0x0000000000005c78       0x20 zephyr/kernel/libkernel.a(sched.c.obj)
                0x0000000000005c78                z_ready_thread
 .text.z_thread_timeout
                0x0000000000005c98       0x40 zephyr/kernel/libkernel.a(sched.c.obj)
                0x0000000000005c98                z_thread_timeout
 .text.add_to_waitq_locked
                0x0000000000005cd8       0x56 zephyr/kernel/libkernel.a(sched.c.obj)
 .text.z_unpend_first_thread
                0x0000000000005d2e       0x4a zephyr/kernel/libkernel.a(sched.c.obj)
                0x0000000000005d2e                z_unpend_first_thread
 .text.k_is_in_isr
                0x0000000000005d78        0xc zephyr/kernel/libkernel.a(thread.c.obj)
                0x0000000000005d78                k_is_in_isr
 .text.z_impl_k_busy_wait
                0x0000000000005d84        0x8 zephyr/kernel/libkernel.a(thread.c.obj)
                0x0000000000005d84                z_impl_k_busy_wait
 .text.z_impl_k_thread_name_set
                0x0000000000005d8c        0x6 zephyr/kernel/libkernel.a(thread.c.obj)
                0x0000000000005d8c                z_impl_k_thread_name_set
 .text.k_thread_name_get
                0x0000000000005d92        0x4 zephyr/kernel/libkernel.a(thread.c.obj)
                0x0000000000005d92                k_thread_name_get
 .text.z_abort_timeout
                0x0000000000005d96       0x2c zephyr/kernel/libkernel.a(timeout.c.obj)
                0x0000000000005d96                z_abort_timeout
 .text.z_get_next_timeout_expiry
                0x0000000000005dc2       0x20 zephyr/kernel/libkernel.a(timeout.c.obj)
                0x0000000000005dc2                z_get_next_timeout_expiry
 .text.z_set_timeout_expiry
                0x0000000000005de2       0x34 zephyr/kernel/libkernel.a(timeout.c.obj)
                0x0000000000005de2                z_set_timeout_expiry
 .text.z_tick_get_32
                0x0000000000005e16        0x8 zephyr/kernel/libkernel.a(timeout.c.obj)
                0x0000000000005e16                z_tick_get_32
 .text.k_timer_init
                0x0000000000005e1e       0x18 zephyr/kernel/libkernel.a(timer.c.obj)
                0x0000000000005e1e                k_timer_init
 .text.z_impl_k_timer_stop
                0x0000000000005e36       0x44 zephyr/kernel/libkernel.a(timer.c.obj)
                0x0000000000005e36                z_impl_k_timer_stop
 .text.k_heap_init
                0x0000000000005e7a       0x10 zephyr/kernel/libkernel.a(kheap.c.obj)
                0x0000000000005e7a                k_heap_init
 .text._OffsetAbsSyms
                0x0000000000005e8a        0x2 zephyr/CMakeFiles/offsets.dir/arch/arm/core/offsets/offsets.c.obj
                0x0000000000005e8a                _OffsetAbsSyms
 *(SORT_BY_ALIGNMENT(.TEXT.*))
 *(SORT_BY_ALIGNMENT(.gnu.linkonce.t.*))
 *(SORT_BY_ALIGNMENT(.glue_7t))
 .glue_7t       0x0000000000005e8c        0x0 linker stubs
 *(SORT_BY_ALIGNMENT(.glue_7))
 .glue_7        0x0000000000005e8c        0x0 linker stubs
 *(SORT_BY_ALIGNMENT(.vfp11_veneer))
 .vfp11_veneer  0x0000000000005e8c        0x0 linker stubs
 *(SORT_BY_ALIGNMENT(.v4_bx))
 .v4_bx         0x0000000000005e8c        0x0 linker stubs
                0x0000000000005e8c                _image_text_end = .

.ARM.exidx      0x0000000000005e8c        0x8
                0x0000000000005e8c                __exidx_start = .
 *(SORT_BY_ALIGNMENT(.ARM.exidx*) SORT_BY_ALIGNMENT(gnu.linkonce.armexidx.*))
 .ARM.exidx     0x0000000000005e8c        0x8 /opt/gnuarmemb/bin/../lib/gcc/arm-none-eabi/9.2.1/thumb/v7e-m/nofp/libgcc.a(_udivmoddi4.o)
                0x0000000000005e94                __exidx_end = .
                0x0000000000005e94                _image_rodata_start = .

initlevel       0x0000000000005e94       0x60
                0x0000000000005e94                __init_start = .
                0x0000000000005e94                __init_PRE_KERNEL_1_start = .
 *(SORT_BY_NAME(SORT_BY_ALIGNMENT(.init_PRE_KERNEL_1[0-9]*)))
 .init_PRE_KERNEL_10
                0x0000000000005e94        0x8 zephyr/soc/arm/nordic_nrf/nrf52/libsoc__arm__nordic_nrf__nrf52.a(soc.c.obj)
 .init_PRE_KERNEL_130
                0x0000000000005e9c        0x8 zephyr/libzephyr.a(SEGGER_RTT_zephyr.c.obj)
 .init_PRE_KERNEL_130
                0x0000000000005ea4        0x8 zephyr/kernel/libkernel.a(mem_slab.c.obj)
 .init_PRE_KERNEL_130
                0x0000000000005eac        0x8 zephyr/kernel/libkernel.a(kheap.c.obj)
 .init_PRE_KERNEL_140
                0x0000000000005eb4        0x8 zephyr/arch/arch/arm/core/aarch32/cortex_m/mpu/libarch__arm__core__aarch32__cortex_m__mpu.a(arm_mpu.c.obj)
 .init_PRE_KERNEL_150
                0x0000000000005ebc        0x8 zephyr/libzephyr.a(clock_control_nrf.c.obj)
 .init_PRE_KERNEL_150
                0x0000000000005ec4        0x8 zephyr/drivers/serial/libdrivers__serial.a(uart_nrfx_uarte.c.obj)
 .init_PRE_KERNEL_160
                0x0000000000005ecc        0x8 zephyr/libzephyr.a(uart_console.c.obj)
 *(SORT_BY_NAME(SORT_BY_ALIGNMENT(.init_PRE_KERNEL_1[1-9][0-9]*)))
                0x0000000000005ed4                __init_PRE_KERNEL_2_start = .
 *(SORT_BY_NAME(SORT_BY_ALIGNMENT(.init_PRE_KERNEL_2[0-9]*)))
 .init_PRE_KERNEL_20
                0x0000000000005ed4        0x8 zephyr/libzephyr.a(sys_clock_init.c.obj)
 *(SORT_BY_NAME(SORT_BY_ALIGNMENT(.init_PRE_KERNEL_2[1-9][0-9]*)))
                0x0000000000005edc                __init_POST_KERNEL_start = .
 *(SORT_BY_NAME(SORT_BY_ALIGNMENT(.init_POST_KERNEL[0-9]*)))
 .init_POST_KERNEL0
                0x0000000000005edc        0x8 zephyr/libzephyr.a(log_core.c.obj)
 .init_POST_KERNEL40
                0x0000000000005ee4        0x8 zephyr/drivers/gpio/libdrivers__gpio.a(gpio_nrfx.c.obj)
 .init_POST_KERNEL50
                0x0000000000005eec        0x8 zephyr/drivers/pwm/libdrivers__pwm.a(pwm_nrfx.c.obj)
 *(SORT_BY_NAME(SORT_BY_ALIGNMENT(.init_POST_KERNEL[1-9][0-9]*)))
                0x0000000000005ef4                __init_APPLICATION_start = .
 *(SORT_BY_NAME(SORT_BY_ALIGNMENT(.init_APPLICATION[0-9]*)))
 *(SORT_BY_NAME(SORT_BY_ALIGNMENT(.init_APPLICATION[1-9][0-9]*)))
                0x0000000000005ef4                __init_SMP_start = .
 *(SORT_BY_NAME(SORT_BY_ALIGNMENT(.init_SMP[0-9]*)))
 *(SORT_BY_NAME(SORT_BY_ALIGNMENT(.init_SMP[1-9][0-9]*)))
                0x0000000000005ef4                __init_end = .

sw_isr_table    0x0000000000005ef4      0x138
                0x0000000000005ef4                . = ALIGN (0x0)
 *(SORT_BY_ALIGNMENT(.gnu.linkonce.sw_isr_table*))
 .gnu.linkonce.sw_isr_table*
                0x0000000000005ef4      0x138 zephyr/CMakeFiles/zephyr_final.dir/isr_tables.c.obj
                0x0000000000005ef4                _sw_isr_table

initlevel_error
                0x0000000000005e94        0x0
 *(SORT_BY_NAME(SORT_BY_ALIGNMENT(.init_[_A-Z0-9]*)))
                0x0000000000000001                ASSERT ((SIZEOF (initlevel_error) == 0x0), Undefined initialization levels used.)

app_shmem_regions
                0x000000000000602c        0x0
                0x000000000000602c                __app_shmem_regions_start = .
 *(SORT_BY_NAME(SORT_BY_ALIGNMENT(.app_regions.*)))
                0x000000000000602c                __app_shmem_regions_end = .

bt_l2cap_fixed_chan_area
                0x000000000000602c        0x0
                0x000000000000602c                _bt_l2cap_fixed_chan_list_start = .
 *(SORT_BY_NAME(SORT_BY_ALIGNMENT(._bt_l2cap_fixed_chan.static.*)))
                0x000000000000602c                _bt_l2cap_fixed_chan_list_end = .

bt_gatt_service_static_area
                0x000000000000602c        0x0
                0x000000000000602c                _bt_gatt_service_static_list_start = .
 *(SORT_BY_NAME(SORT_BY_ALIGNMENT(._bt_gatt_service_static.static.*)))
                0x000000000000602c                _bt_gatt_service_static_list_end = .

log_const_sections
                0x000000000000602c       0x48
                0x000000000000602c                __log_const_start = .
 *(SORT_BY_NAME(SORT_BY_ALIGNMENT(.log_const_*)))
 .log_const_clock_control
                0x000000000000602c        0x8 zephyr/libzephyr.a(clock_control_nrf.c.obj)
                0x000000000000602c                log_const_clock_control
 .log_const_fatal_error
                0x0000000000006034        0x8 modules/nrf/lib/fatal_error/lib..__nrf__lib__fatal_error.a(fatal_error.c.obj)
                0x0000000000006034                log_const_fatal_error
 .log_const_log
                0x000000000000603c        0x8 zephyr/libzephyr.a(log_core.c.obj)
                0x000000000000603c                log_const_log
 .log_const_mpu
                0x0000000000006044        0x8 zephyr/arch/arch/arm/core/aarch32/cortex_m/mpu/libarch__arm__core__aarch32__cortex_m__mpu.a(arm_core_mpu.c.obj)
                0x0000000000006044                log_const_mpu
 .log_const_os  0x000000000000604c        0x8 zephyr/kernel/libkernel.a(init.c.obj)
                0x000000000000604c                log_const_os
 .log_const_power
                0x0000000000006054        0x8 zephyr/libzephyr.a(power.c.obj)
                0x0000000000006054                log_const_power
 .log_const_pwm_nrfx
                0x000000000000605c        0x8 zephyr/drivers/pwm/libdrivers__pwm.a(pwm_nrfx.c.obj)
                0x000000000000605c                log_const_pwm_nrfx
 .log_const_soc
                0x0000000000006064        0x8 zephyr/soc/arm/nordic_nrf/nrf52/libsoc__arm__nordic_nrf__nrf52.a(soc.c.obj)
                0x0000000000006064                log_const_soc
 .log_const_uart_nrfx_uarte
                0x000000000000606c        0x8 zephyr/drivers/serial/libdrivers__serial.a(uart_nrfx_uarte.c.obj)
                0x000000000000606c                log_const_uart_nrfx_uarte
                0x0000000000006074                __log_const_end = .

log_backends_sections
                0x0000000000006074       0x20
                0x0000000000006074                __log_backends_start = .
 *(SORT_BY_ALIGNMENT(._log_backend.*))
 ._log_backend.static.log_backend_uart
                0x0000000000006074       0x10 zephyr/libzephyr.a(log_backend_uart.c.obj)
 ._log_backend.static.log_backend_rtt
                0x0000000000006084       0x10 zephyr/libzephyr.a(log_backend_rtt.c.obj)
                0x0000000000006094                __log_backends_end = .

shell_area      0x0000000000006094        0x0
                0x0000000000006094                _shell_list_start = .
 *(SORT_BY_NAME(SORT_BY_ALIGNMENT(._shell.static.*)))
                0x0000000000006094                _shell_list_end = .

shell_root_cmds_sections
                0x0000000000006094        0x0
                0x0000000000006094                __shell_root_cmds_start = .
 *(SORT_BY_NAME(SORT_BY_ALIGNMENT(.shell_root_cmd_*)))
                0x0000000000006094                __shell_root_cmds_end = .

font_entry_sections
                0x0000000000006094        0x0
                0x0000000000006094                __font_entry_start = .
 *(SORT_BY_NAME(SORT_BY_ALIGNMENT(._cfb_font.*)))
                0x0000000000006094                __font_entry_end = .

tracing_backend_area
                0x0000000000006094        0x0
                0x0000000000006094                _tracing_backend_list_start = .
 *(SORT_BY_NAME(SORT_BY_ALIGNMENT(._tracing_backend.static.*)))
                0x0000000000006094                _tracing_backend_list_end = .

tdata           0x0000000000006094        0x0
 *(SORT_BY_ALIGNMENT(.tdata) SORT_BY_ALIGNMENT(.tdata.*) SORT_BY_ALIGNMENT(.gnu.linkonce.td.*))

tbss            0x0000000000006094        0x0
 *(SORT_BY_ALIGNMENT(.tbss) SORT_BY_ALIGNMENT(.tbss.*) SORT_BY_ALIGNMENT(.gnu.linkonce.tb.*) SORT_BY_ALIGNMENT(.tcommon))
                [!provide]                        PROVIDE (__tdata_start = LOADADDR (tdata))
                [!provide]                        PROVIDE (__tdata_size = SIZEOF (tdata))
                [!provide]                        PROVIDE (__tdata_end = (__tdata_start + __tdata_size))
                [!provide]                        PROVIDE (__tbss_start = LOADADDR (tbss))
                [!provide]                        PROVIDE (__tbss_size = SIZEOF (tbss))
                [!provide]                        PROVIDE (__tbss_end = (__tbss_start + __tbss_size))
                [!provide]                        PROVIDE (__tls_start = __tdata_start)
                [!provide]                        PROVIDE (__tls_end = __tbss_end)
                [!provide]                        PROVIDE (__tls_size = (__tbss_end - __tdata_start))

rodata          0x00000000000060a0      0x9bc
 *(SORT_BY_ALIGNMENT(.rodata))
 *(SORT_BY_ALIGNMENT(.rodata.*))
 .rodata.delay_machine_code.11449
                0x00000000000060a0        0x6 zephyr/soc/arm/nordic_nrf/nrf52/libsoc__arm__nordic_nrf__nrf52.a(soc.c.obj)
 *fill*         0x00000000000060a6        0x2 
 .rodata.colors
                0x00000000000060a8       0x14 zephyr/libzephyr.a(log_output.c.obj)
 .rodata.severity
                0x00000000000060bc       0x14 zephyr/libzephyr.a(log_output.c.obj)
 .rodata.log_backend_uart_api
                0x00000000000060d0       0x18 zephyr/libzephyr.a(log_backend_uart.c.obj)
                0x00000000000060d0                log_backend_uart_api
 .rodata.log_output_uart
                0x00000000000060e8       0x10 zephyr/libzephyr.a(log_backend_uart.c.obj)
 .rodata.log_backend_rtt_api
                0x00000000000060f8       0x18 zephyr/libzephyr.a(log_backend_rtt.c.obj)
                0x00000000000060f8                log_backend_rtt_api
 .rodata.log_output_rtt
                0x0000000000006110       0x10 zephyr/libzephyr.a(log_backend_rtt.c.obj)
 .rodata.clock_control_api
                0x0000000000006120       0x14 zephyr/libzephyr.a(clock_control_nrf.c.obj)
 .rodata.config
                0x0000000000006134       0x18 zephyr/libzephyr.a(clock_control_nrf.c.obj)
 .rodata.transitions.10024
                0x000000000000614c        0xc zephyr/libzephyr.a(clock_control_nrf.c.obj)
 .rodata.mpu_config
                0x0000000000006158        0x8 zephyr/soc/arm/common/cortex_m/libsoc__arm__common__cortex_m.a(arm_mpu_regions.c.obj)
                0x0000000000006158                mpu_config
 .rodata.mpu_regions
                0x0000000000006160       0x18 zephyr/soc/arm/common/cortex_m/libsoc__arm__common__cortex_m.a(arm_mpu_regions.c.obj)
 .rodata.gpio_nrfx_drv_api_funcs
                0x0000000000006178       0x24 zephyr/drivers/gpio/libdrivers__gpio.a(gpio_nrfx.c.obj)
 .rodata.gpio_nrfx_p0_cfg
                0x000000000000619c        0xc zephyr/drivers/gpio/libdrivers__gpio.a(gpio_nrfx.c.obj)
 .rodata.pwm_nrfx_0config
                0x00000000000061a8       0x28 zephyr/drivers/pwm/libdrivers__pwm.a(pwm_nrfx.c.obj)
 .rodata.pwm_nrfx_drv_api_funcs
                0x00000000000061d0        0x8 zephyr/drivers/pwm/libdrivers__pwm.a(pwm_nrfx.c.obj)
 .rodata.uart_nrfx_uarte_driver_api
                0x00000000000061d8       0x14 zephyr/drivers/serial/libdrivers__serial.a(uart_nrfx_uarte.c.obj)
 .rodata.uarte_0z_config
                0x00000000000061ec        0x8 zephyr/drivers/serial/libdrivers__serial.a(uart_nrfx_uarte.c.obj)
 .rodata.levels.8594
                0x00000000000061f4       0x14 zephyr/kernel/libkernel.a(device.c.obj)
 .rodata._k_neg_eagain
                0x0000000000006208        0x4 zephyr/kernel/libkernel.a(errno.c.obj)
                0x0000000000006208                _k_neg_eagain
 .rodata.CSWTCH.17
                0x000000000000620c       0x14 zephyr/kernel/libkernel.a(fatal.c.obj)
 .rodata.main.str1.1
                0x0000000000006220       0xa4 app/libapp.a(main.c.obj)
 .rodata.cbvprintf.str1.1
                0x00000000000062c4        0x6 zephyr/libzephyr.a(cbprintf_complete.c.obj)
 .rodata.enable_logger.str1.1
                0x00000000000062ca        0x8 zephyr/libzephyr.a(log_core.c.obj)
 .rodata.log_strdup.str1.1
                0x00000000000062d2       0x1a zephyr/libzephyr.a(log_core.c.obj)
 .rodata.z_impl_log_process.str1.1
                0x00000000000062ec       0x3f zephyr/libzephyr.a(log_core.c.obj)
 .rodata.str1.1
                0x000000000000632b        0x4 zephyr/libzephyr.a(log_core.c.obj)
 .rodata.prefix_print.str1.1
                0x000000000000632f       0x39 zephyr/libzephyr.a(log_output.c.obj)
                                         0x3c (size before relaxing)
 .rodata.postfix_print.str1.1
                0x0000000000006368        0x3 zephyr/libzephyr.a(log_output.c.obj)
                                          0x5 (size before relaxing)
 .rodata.hexdump_line_print.str1.1
                0x000000000000636b        0xf zephyr/libzephyr.a(log_output.c.obj)
                                         0x11 (size before relaxing)
 .rodata.log_output_msg_process.str1.1
                0x000000000000637a        0x2 zephyr/libzephyr.a(log_output.c.obj)
 .rodata.log_output_dropped_process.str1.1
                0x000000000000637c        0x2 zephyr/libzephyr.a(log_output.c.obj)
                                          0x3 (size before relaxing)
 .rodata.str1.1
                0x000000000000637c       0x20 zephyr/libzephyr.a(log_output.c.obj)
 .rodata.postfix.9368
                0x000000000000639c       0x1c zephyr/libzephyr.a(log_output.c.obj)
 .rodata.prefix.9367
                0x00000000000063b8        0xc zephyr/libzephyr.a(log_output.c.obj)
 .rodata.log_backend_uart_init.str1.1
                0x00000000000063c4        0x7 zephyr/libzephyr.a(log_backend_uart.c.obj)
 .rodata.str1.1
                0x00000000000063cb       0x11 zephyr/libzephyr.a(log_backend_uart.c.obj)
 .rodata.str1.1
                0x00000000000063dc       0x10 zephyr/libzephyr.a(log_backend_rtt.c.obj)
 .rodata.str1.1
                0x00000000000063ec        0x6 zephyr/libzephyr.a(power.c.obj)
 .rodata.uart_console_init.str1.1
                0x00000000000063f2        0x7 zephyr/libzephyr.a(uart_console.c.obj)
 .rodata.str1.1
                0x00000000000063f2       0x20 zephyr/libzephyr.a(clock_control_nrf.c.obj)
 .rodata.str1.1
                0x0000000000006412        0xa zephyr/libzephyr.a(sys_clock_init.c.obj)
 .rodata._DoInit.str1.1
                0x000000000000641c       0x14 zephyr/libzephyr.a(SEGGER_RTT.c.obj)
 .rodata.z_arm_fatal_error.str1.1
                0x0000000000006430       0x9b zephyr/arch/arch/arm/core/aarch32/libarch__arm__core__aarch32.a(fatal.c.obj)
 .rodata.mem_manage_fault.str1.1
                0x00000000000064cb       0xd8 zephyr/arch/arch/arm/core/aarch32/cortex_m/libarch__arm__core__aarch32__cortex_m.a(fault.c.obj)
 .rodata.usage_fault.isra.0.str1.1
                0x00000000000065a3       0xcd zephyr/arch/arch/arm/core/aarch32/cortex_m/libarch__arm__core__aarch32__cortex_m.a(fault.c.obj)
 .rodata.bus_fault.isra.0.str1.1
                0x0000000000006670       0x88 zephyr/arch/arch/arm/core/aarch32/cortex_m/libarch__arm__core__aarch32__cortex_m.a(fault.c.obj)
 .rodata.z_arm_fault.str1.1
                0x00000000000066f8       0xf9 zephyr/arch/arch/arm/core/aarch32/cortex_m/libarch__arm__core__aarch32__cortex_m.a(fault.c.obj)
 .rodata.str1.1
                0x00000000000067f1        0x4 zephyr/arch/arch/arm/core/aarch32/cortex_m/mpu/libarch__arm__core__aarch32__cortex_m__mpu.a(arm_core_mpu.c.obj)
 .rodata.mpu_configure_regions.str1.1
                0x00000000000067f5       0x49 zephyr/arch/arch/arm/core/aarch32/cortex_m/mpu/libarch__arm__core__aarch32__cortex_m__mpu.a(arm_mpu.c.obj)
 .rodata.str1.1
                0x000000000000683e        0xf zephyr/soc/arm/common/cortex_m/libsoc__arm__common__cortex_m.a(arm_mpu_regions.c.obj)
 .rodata.str1.1
                0x000000000000684d        0x4 zephyr/soc/arm/nordic_nrf/nrf52/libsoc__arm__nordic_nrf__nrf52.a(soc.c.obj)
 .rodata.str1.1
                0x0000000000006851        0x7 zephyr/drivers/gpio/libdrivers__gpio.a(gpio_nrfx.c.obj)
 .rodata.pwm_nrfx_init.str1.1
                0x0000000000006858       0x20 zephyr/drivers/pwm/libdrivers__pwm.a(pwm_nrfx.c.obj)
 .rodata.pwm_nrfx_pin_set.str1.1
                0x0000000000006878       0x71 zephyr/drivers/pwm/libdrivers__pwm.a(pwm_nrfx.c.obj)
 .rodata.str1.1
                0x00000000000068e9        0x9 zephyr/drivers/pwm/libdrivers__pwm.a(pwm_nrfx.c.obj)
                                          0xf (size before relaxing)
 .rodata.uarte_0_init.str1.1
                0x00000000000068f2       0x1f zephyr/drivers/serial/libdrivers__serial.a(uart_nrfx_uarte.c.obj)
 .rodata.str1.1
                0x0000000000006911       0x10 zephyr/drivers/serial/libdrivers__serial.a(uart_nrfx_uarte.c.obj)
                                         0x17 (size before relaxing)
 .rodata.k_sys_fatal_error_handler.str1.1
                0x0000000000006921       0x11 modules/nrf/lib/fatal_error/lib..__nrf__lib__fatal_error.a(fatal_error.c.obj)
 .rodata.str1.1
                0x0000000000006932        0xc modules/nrf/lib/fatal_error/lib..__nrf__lib__fatal_error.a(fatal_error.c.obj)
 .rodata.CSWTCH.14
                0x000000000000693e        0x4 modules/nordic/lib..__modules__hal__nordic.a(system_nrf52.c.obj)
 .rodata.CSWTCH.18
                0x0000000000006942        0x4 modules/nordic/lib..__modules__hal__nordic.a(system_nrf52.c.obj)
 .rodata.CSWTCH.4
                0x0000000000006946        0x4 modules/nordic/lib..__modules__hal__nordic.a(system_nrf52.c.obj)
 .rodata.z_fatal_error.str1.1
                0x000000000000694a       0x77 zephyr/kernel/libkernel.a(fatal.c.obj)
 .rodata.str1.1
                0x00000000000069c1       0x4a zephyr/kernel/libkernel.a(fatal.c.obj)
 .rodata.bg_thread_main.str1.1
                0x0000000000006a0b       0x46 zephyr/kernel/libkernel.a(init.c.obj)
                                         0x47 (size before relaxing)
 .rodata.z_cstart.str1.1
                0x0000000000006a51        0x5 zephyr/kernel/libkernel.a(init.c.obj)
 .rodata.str1.1
                0x0000000000006a56        0x3 zephyr/kernel/libkernel.a(init.c.obj)
 *(SORT_BY_ALIGNMENT(.gnu.linkonce.r.*))
                0x0000000000006a5c                . = ALIGN (0x4)
 *fill*         0x0000000000006a59        0x3 
                0x0000000000006a5c                _image_rodata_end = .
                0x0000000000006a60                . = ALIGN (_region_min_align)
                0x0000000000008000                . = ALIGN ((0x1 << LOG2CEIL ((_image_rodata_end - _image_rom_start))))
                0x0000000000008000                _image_rom_end = .
                0x0000000020000000                . = 0x20000000
                0x0000000020000000                . = ALIGN (_region_min_align)
                0x0000000020000000                _image_ram_start = .

.ramfunc        0x0000000020000000        0x0 load address 0x0000000000006a5c
                0x0000000020000000                . = ALIGN (_region_min_align)
                0x0000000020000000                . = ALIGN ((0x1 << LOG2CEIL (_ramfunc_ram_size)))
                0x0000000020000000                _ramfunc_ram_start = .
 *(SORT_BY_ALIGNMENT(.ramfunc))
 *(SORT_BY_ALIGNMENT(.ramfunc.*))
                0x0000000020000000                . = ALIGN (_region_min_align)
                0x0000000020000000                . = ALIGN ((0x1 << LOG2CEIL (_ramfunc_ram_size)))
                0x0000000020000000                _ramfunc_ram_end = .
                0x0000000000000000                _ramfunc_ram_size = (_ramfunc_ram_end - _ramfunc_ram_start)
                0x0000000000006a5c                _ramfunc_rom_start = LOADADDR (.ramfunc)

datas           0x0000000020000000       0x38 load address 0x0000000000006a5c
                0x0000000020000000                __data_ram_start = .
 *(SORT_BY_ALIGNMENT(.data))
 *(SORT_BY_ALIGNMENT(.data.*))
 .data._char_out
                0x0000000020000000        0x4 zephyr/libzephyr.a(printk.c.obj)
                0x0000000020000000                _char_out
 .data.timestamp_func
                0x0000000020000004        0x4 zephyr/libzephyr.a(log_core.c.obj)
 .data._stdout_hook
                0x0000000020000008        0x4 zephyr/lib/libc/minimal/liblib__libc__minimal.a(stdout_console.c.obj)
 .data.pwm_nrfx_0_data
                0x000000002000000c       0x10 zephyr/drivers/pwm/libdrivers__pwm.a(pwm_nrfx.c.obj)
 .data.uarte_0_data
                0x000000002000001c       0x10 zephyr/drivers/serial/libdrivers__serial.a(uart_nrfx_uarte.c.obj)
 .data.SystemCoreClock
                0x000000002000002c        0x4 modules/nordic/lib..__modules__hal__nordic.a(system_nrf52.c.obj)
                0x000000002000002c                SystemCoreClock
 .data.timeout_list
                0x0000000020000030        0x8 zephyr/kernel/libkernel.a(timeout.c.obj)
 *(SORT_BY_ALIGNMENT(.kernel.*))
                0x0000000000006a5c                __data_rom_start = LOADADDR (datas)

devices         0x0000000020000038       0x54 load address 0x0000000000006a94
                0x0000000020000038                __device_start = .
                0x0000000020000038                __device_PRE_KERNEL_1_start = .
 *(SORT_BY_NAME(SORT_BY_ALIGNMENT(.device_PRE_KERNEL_1[0-9]*)))
 .device_PRE_KERNEL_150
                0x0000000020000038       0x10 zephyr/libzephyr.a(clock_control_nrf.c.obj)
 .device_PRE_KERNEL_150
                0x0000000020000048       0x10 zephyr/drivers/serial/libdrivers__serial.a(uart_nrfx_uarte.c.obj)
 *(SORT_BY_NAME(SORT_BY_ALIGNMENT(.device_PRE_KERNEL_1[1-9][0-9]*)))
                0x0000000020000058                __device_PRE_KERNEL_2_start = .
 *(SORT_BY_NAME(SORT_BY_ALIGNMENT(.device_PRE_KERNEL_2[0-9]*)))
 .device_PRE_KERNEL_20
                0x0000000020000058       0x10 zephyr/libzephyr.a(sys_clock_init.c.obj)
 *(SORT_BY_NAME(SORT_BY_ALIGNMENT(.device_PRE_KERNEL_2[1-9][0-9]*)))
                0x0000000020000068                __device_POST_KERNEL_start = .
 *(SORT_BY_NAME(SORT_BY_ALIGNMENT(.device_POST_KERNEL[0-9]*)))
 .device_POST_KERNEL40
                0x0000000020000068       0x10 zephyr/drivers/gpio/libdrivers__gpio.a(gpio_nrfx.c.obj)
 .device_POST_KERNEL50
                0x0000000020000078       0x10 zephyr/drivers/pwm/libdrivers__pwm.a(pwm_nrfx.c.obj)
 *(SORT_BY_NAME(SORT_BY_ALIGNMENT(.device_POST_KERNEL[1-9][0-9]*)))
                0x0000000020000088                __device_APPLICATION_start = .
 *(SORT_BY_NAME(SORT_BY_ALIGNMENT(.device_APPLICATION[0-9]*)))
 *(SORT_BY_NAME(SORT_BY_ALIGNMENT(.device_APPLICATION[1-9][0-9]*)))
                0x0000000020000088                __device_SMP_start = .
 *(SORT_BY_NAME(SORT_BY_ALIGNMENT(.device_SMP[0-9]*)))
 *(SORT_BY_NAME(SORT_BY_ALIGNMENT(.device_SMP[1-9][0-9]*)))
                0x0000000020000088                __device_end = .
 FILL mask 0x00
                0x0000000020000088                __device_init_status_start = .
                0x000000002000008c                . = (. + (((((__device_end - __device_start) / 0x10) + 0x1f) / 0x20) * 0x4))
 *fill*         0x0000000020000088        0x4 00
                0x000000002000008c                __device_init_status_end = .

initshell       0x000000002000008c        0x0 load address 0x0000000000006ae8
                0x000000002000008c                __shell_module_start = .
 *(SORT_BY_ALIGNMENT(.shell_module_*))
                0x000000002000008c                __shell_module_end = .
                0x000000002000008c                __shell_cmd_start = .
 *(SORT_BY_ALIGNMENT(.shell_cmd_*))
                0x000000002000008c                __shell_cmd_end = .

log_dynamic_sections
                0x000000002000008c        0x0 load address 0x0000000000006ae8
                0x000000002000008c                __log_dynamic_start = .
 *(SORT_BY_NAME(SORT_BY_ALIGNMENT(.log_dynamic_*)))
                0x000000002000008c                __log_dynamic_end = .

_static_thread_data_area
                0x000000002000008c        0x0 load address 0x0000000000006ae8
                0x000000002000008c                __static_thread_data_list_start = .
 *(SORT_BY_NAME(SORT_BY_ALIGNMENT(.__static_thread_data.static.*)))
                0x000000002000008c                __static_thread_data_list_end = .

k_timer_area    0x000000002000008c        0x0 load address 0x0000000000006ae8
                0x000000002000008c                _k_timer_list_start = .
 *(SORT_BY_NAME(SORT_BY_ALIGNMENT(._k_timer.static.*)))
                0x000000002000008c                _k_timer_list_end = .

k_mem_slab_area
                0x000000002000008c        0x0 load address 0x0000000000006ae8
                0x000000002000008c                _k_mem_slab_list_start = .
 *(SORT_BY_NAME(SORT_BY_ALIGNMENT(._k_mem_slab.static.*)))
                0x000000002000008c                _k_mem_slab_list_end = .

k_mem_pool_area
                0x000000002000008c        0x0 load address 0x0000000000006ae8
                0x000000002000008c                _k_mem_pool_list_start = .
 *(SORT_BY_NAME(SORT_BY_ALIGNMENT(._k_mem_pool.static.*)))
                0x000000002000008c                _k_mem_pool_list_end = .

k_heap_area     0x000000002000008c        0x0 load address 0x0000000000006ae8
                0x000000002000008c                _k_heap_list_start = .
 *(SORT_BY_NAME(SORT_BY_ALIGNMENT(._k_heap.static.*)))
                0x000000002000008c                _k_heap_list_end = .

k_mutex_area    0x000000002000008c       0x14 load address 0x0000000000006ae8
                0x000000002000008c                _k_mutex_list_start = .
 *(SORT_BY_NAME(SORT_BY_ALIGNMENT(._k_mutex.static.*)))
 ._k_mutex.static.rtt_term_mutex
                0x000000002000008c       0x14 zephyr/libzephyr.a(SEGGER_RTT_zephyr.c.obj)
                0x000000002000008c                rtt_term_mutex
                0x00000000200000a0                _k_mutex_list_end = .

k_stack_area    0x00000000200000a0        0x0 load address 0x0000000000006afc
                0x00000000200000a0                _k_stack_list_start = .
 *(SORT_BY_NAME(SORT_BY_ALIGNMENT(._k_stack.static.*)))
                0x00000000200000a0                _k_stack_list_end = .

k_msgq_area     0x00000000200000a0        0x0 load address 0x0000000000006afc
                0x00000000200000a0                _k_msgq_list_start = .
 *(SORT_BY_NAME(SORT_BY_ALIGNMENT(._k_msgq.static.*)))
                0x00000000200000a0                _k_msgq_list_end = .

k_mbox_area     0x00000000200000a0        0x0 load address 0x0000000000006afc
                0x00000000200000a0                _k_mbox_list_start = .
 *(SORT_BY_NAME(SORT_BY_ALIGNMENT(._k_mbox.static.*)))
                0x00000000200000a0                _k_mbox_list_end = .

k_pipe_area     0x00000000200000a0        0x0 load address 0x0000000000006afc
                0x00000000200000a0                _k_pipe_list_start = .
 *(SORT_BY_NAME(SORT_BY_ALIGNMENT(._k_pipe.static.*)))
                0x00000000200000a0                _k_pipe_list_end = .

k_sem_area      0x00000000200000a0       0x10 load address 0x0000000000006afc
                0x00000000200000a0                _k_sem_list_start = .
 *(SORT_BY_NAME(SORT_BY_ALIGNMENT(._k_sem.static.*)))
 ._k_sem.static.log_process_thread_sem
                0x00000000200000a0       0x10 zephyr/libzephyr.a(log_core.c.obj)
                0x00000000200000a0                log_process_thread_sem
                0x00000000200000b0                _k_sem_list_end = .

k_queue_area    0x00000000200000b0        0x0 load address 0x0000000000006b0c
                0x00000000200000b0                _k_queue_list_start = .
 *(SORT_BY_NAME(SORT_BY_ALIGNMENT(._k_queue.static.*)))
                0x00000000200000b0                _k_queue_list_end = .

_net_buf_pool_area
                0x00000000200000b0        0x0 load address 0x0000000000006b0c
                0x00000000200000b0                _net_buf_pool_list = .
 *(SORT_BY_NAME(SORT_BY_ALIGNMENT(._net_buf_pool.static.*)))
                0x00000000200000b0                __data_ram_end = .

bss             0x00000000200000b0      0x801
                0x00000000200000b0                . = ALIGN (0x4)
                0x00000000200000b0                __bss_start = .
                0x00000000200000b0                __kernel_ram_start = .
 *(SORT_BY_ALIGNMENT(.bss))
 *(SORT_BY_ALIGNMENT(.bss.*))
 .bss.log_process_thread_timer
                0x00000000200000b0       0x38 zephyr/libzephyr.a(log_core.c.obj)
 .bss.logging_thread
                0x00000000200000e8       0x80 zephyr/libzephyr.a(log_core.c.obj)
                0x00000000200000e8                logging_thread
 .bss.z_idle_threads
                0x0000000020000168       0x80 zephyr/kernel/libkernel.a(init.c.obj)
                0x0000000020000168                z_idle_threads
 .bss.z_main_thread
                0x00000000200001e8       0x80 zephyr/kernel/libkernel.a(init.c.obj)
                0x00000000200001e8                z_main_thread
 .bss.curr_tick
                0x0000000020000268        0x8 zephyr/kernel/libkernel.a(timeout.c.obj)
 .bss.buffered_cnt
                0x0000000020000270        0x4 zephyr/libzephyr.a(log_core.c.obj)
 .bss.dropped_cnt
                0x0000000020000274        0x4 zephyr/libzephyr.a(log_core.c.obj)
 .bss.initialized
                0x0000000020000278        0x4 zephyr/libzephyr.a(log_core.c.obj)
 .bss.list      0x000000002000027c        0x8 zephyr/libzephyr.a(log_core.c.obj)
 .bss.log_strdup_pool
                0x0000000020000284       0x1c zephyr/libzephyr.a(log_core.c.obj)
                0x0000000020000284                log_strdup_pool
 .bss.proc_tid  0x00000000200002a0        0x4 zephyr/libzephyr.a(log_core.c.obj)
 .bss.log_msg_pool
                0x00000000200002a4       0x1c zephyr/libzephyr.a(log_msg.c.obj)
                0x00000000200002a4                log_msg_pool
 .bss.freq      0x00000000200002c0        0x4 zephyr/libzephyr.a(log_output.c.obj)
 .bss.timestamp_div
                0x00000000200002c4        0x4 zephyr/libzephyr.a(log_output.c.obj)
 .bss.backend_cb_log_backend_uart
                0x00000000200002c8        0x8 zephyr/libzephyr.a(log_backend_uart.c.obj)
 .bss.log_output_uart_control_block
                0x00000000200002d0        0xc zephyr/libzephyr.a(log_backend_uart.c.obj)
 .bss.uart_dev  0x00000000200002dc        0x4 zephyr/libzephyr.a(log_backend_uart.c.obj)
 .bss.backend_cb_log_backend_rtt
                0x00000000200002e0        0x8 zephyr/libzephyr.a(log_backend_rtt.c.obj)
 .bss.log_output_rtt_control_block
                0x00000000200002e8        0xc zephyr/libzephyr.a(log_backend_rtt.c.obj)
 .bss.uart_console_dev
                0x00000000200002f4        0x4 zephyr/libzephyr.a(uart_console.c.obj)
 .bss.cli.10001
                0x00000000200002f8       0x10 zephyr/libzephyr.a(clock_control_nrf.c.obj)
 .bss.data      0x0000000020000308       0x50 zephyr/libzephyr.a(clock_control_nrf.c.obj)
 .bss.hfclk_users
                0x0000000020000358        0x4 zephyr/libzephyr.a(clock_control_nrf.c.obj)
 .bss.on.10000  0x000000002000035c        0x4 zephyr/libzephyr.a(clock_control_nrf.c.obj)
 .bss.last_count
                0x0000000020000360        0x4 zephyr/libzephyr.a(nrf_rtc_timer.c.obj)
 .bss._SEGGER_RTT
                0x0000000020000364       0xa8 zephyr/libzephyr.a(SEGGER_RTT.c.obj)
                0x0000000020000364                _SEGGER_RTT
 .bss.gpio_nrfx_p0_data
                0x000000002000040c       0x1c zephyr/drivers/gpio/libdrivers__gpio.a(gpio_nrfx.c.obj)
 .bss.gpiote_alloc_mask
                0x0000000020000428        0x4 zephyr/drivers/gpio/libdrivers__gpio.a(gpio_nrfx.c.obj)
 .bss.m_clock_cb
                0x000000002000042c        0x8 modules/nordic/lib..__modules__hal__nordic.a(nrfx_clock.c.obj)
 .bss.m_channels_allocated
                0x0000000020000434        0x4 modules/nordic/lib..__modules__hal__nordic.a(nrfx_ppi.c.obj)
 .bss.m_cb      0x0000000020000438        0xc modules/nordic/lib..__modules__hal__nordic.a(nrfx_pwm.c.obj)
 .bss._kernel   0x0000000020000444       0x34 zephyr/kernel/libkernel.a(sched.c.obj)
                0x0000000020000444                _kernel
 .bss.pending_current
                0x0000000020000478        0x4 zephyr/kernel/libkernel.a(sched.c.obj)
 .bss.slice_max_prio
                0x000000002000047c        0x4 zephyr/kernel/libkernel.a(sched.c.obj)
 .bss.slice_time
                0x0000000020000480        0x4 zephyr/kernel/libkernel.a(sched.c.obj)
 .bss.announce_remaining
                0x0000000020000484        0x4 zephyr/kernel/libkernel.a(timeout.c.obj)
 .bss.backend_attached
                0x0000000020000488        0x1 zephyr/libzephyr.a(log_core.c.obj)
 .bss.panic_mode
                0x0000000020000489        0x1 zephyr/libzephyr.a(log_core.c.obj)
 .bss.uart_output_buf
                0x000000002000048a        0x1 zephyr/libzephyr.a(log_backend_uart.c.obj)
 .bss.char_buf  0x000000002000048b       0x10 zephyr/libzephyr.a(log_backend_rtt.c.obj)
 .bss.host_present
                0x000000002000049b        0x1 zephyr/libzephyr.a(log_backend_rtt.c.obj)
 .bss.panic_mode
                0x000000002000049c        0x1 zephyr/libzephyr.a(log_backend_rtt.c.obj)
 .bss.once.9890
                0x000000002000049d        0x1 zephyr/libzephyr.a(clock_control_nrf.c.obj)
 .bss._acDownBuffer
                0x000000002000049e       0x10 zephyr/libzephyr.a(SEGGER_RTT.c.obj)
 .bss._acUpBuffer
                0x00000000200004ae      0x400 zephyr/libzephyr.a(SEGGER_RTT.c.obj)
 .bss.static_regions_num
                0x00000000200008ae        0x1 zephyr/arch/arch/arm/core/aarch32/cortex_m/mpu/libarch__arm__core__aarch32__cortex_m__mpu.a(arm_mpu.c.obj)
 .bss.gpio_initialized.9533
                0x00000000200008af        0x1 zephyr/drivers/gpio/libdrivers__gpio.a(gpio_nrfx.c.obj)
 .bss.z_sys_post_kernel
                0x00000000200008b0        0x1 zephyr/kernel/libkernel.a(init.c.obj)
                0x00000000200008b0                z_sys_post_kernel
 .bss.lock      0x00000000200008b1        0x0 zephyr/kernel/libkernel.a(mem_slab.c.obj)
 .bss.lock      0x00000000200008b1        0x0 zephyr/kernel/libkernel.a(mutex.c.obj)
 .bss.sched_spinlock
                0x00000000200008b1        0x0 zephyr/kernel/libkernel.a(sched.c.obj)
 .bss.lock      0x00000000200008b1        0x0 zephyr/kernel/libkernel.a(sem.c.obj)
 *(SORT_BY_ALIGNMENT(COMMON))
 *(SORT_BY_ALIGNMENT(.kernel_bss.*))
                0x00000000200008b4                __bss_end = ALIGN (0x4)

noinit          0x00000000200008c0     0x1560
 *(SORT_BY_ALIGNMENT(.noinit))
 *(SORT_BY_ALIGNMENT(.noinit.*))
 .noinit."WEST_TOPDIR/zephyr/subsys/logging/log_core.c".1
                0x00000000200008c0      0x320 zephyr/libzephyr.a(log_core.c.obj)
                0x00000000200008c0                logging_stack
 .noinit."WEST_TOPDIR/zephyr/kernel/init.c".2
                0x0000000020000be0      0x420 zephyr/kernel/libkernel.a(init.c.obj)
                0x0000000020000be0                z_main_stack
 .noinit."WEST_TOPDIR/zephyr/kernel/init.c".3
                0x0000000020001000      0x160 zephyr/kernel/libkernel.a(init.c.obj)
 .noinit."WEST_TOPDIR/zephyr/kernel/init.c".4
                0x0000000020001160      0x820 zephyr/kernel/libkernel.a(init.c.obj)
                0x0000000020001160                z_interrupt_stacks
 .noinit."WEST_TOPDIR/zephyr/subsys/logging/log_core.c".0
                0x0000000020001980       0xa0 zephyr/libzephyr.a(log_core.c.obj)
 .noinit."WEST_TOPDIR/zephyr/subsys/logging/log_msg.c".0
                0x0000000020001a20      0x400 zephyr/libzephyr.a(log_msg.c.obj)
 *(SORT_BY_ALIGNMENT(.kernel_noinit.*))
                0x0000000020001e20                _image_ram_end = .
                0x0000000020001e20                _end = .
                0x0000000020010000                __kernel_ram_end = 0x20010000
                0x000000000000ff50                __kernel_ram_size = (__kernel_ram_end - __kernel_ram_start)

.stab
 *(SORT_BY_ALIGNMENT(.stab))

.stabstr
 *(SORT_BY_ALIGNMENT(.stabstr))

.stab.excl
 *(SORT_BY_ALIGNMENT(.stab.excl))

.stab.exclstr
 *(SORT_BY_ALIGNMENT(.stab.exclstr))

.stab.index
 *(SORT_BY_ALIGNMENT(.stab.index))

.stab.indexstr
 *(SORT_BY_ALIGNMENT(.stab.indexstr))

.gnu.build.attributes
 *(SORT_BY_ALIGNMENT(.gnu.build.attributes) SORT_BY_ALIGNMENT(.gnu.build.attributes.*))

.comment        0x0000000000000000       0x79
 *(SORT_BY_ALIGNMENT(.comment))
 .comment       0x0000000000000000       0x79 zephyr/CMakeFiles/zephyr_final.dir/isr_tables.c.obj
                                         0x7a (size before relaxing)
 .comment       0x0000000000000079       0x7a app/libapp.a(main.c.obj)
 .comment       0x0000000000000079       0x7a zephyr/libzephyr.a(notify.c.obj)
 .comment       0x0000000000000079       0x7a zephyr/libzephyr.a(printk.c.obj)
 .comment       0x0000000000000079       0x7a zephyr/libzephyr.a(onoff.c.obj)
 .comment       0x0000000000000079       0x7a zephyr/libzephyr.a(thread_entry.c.obj)
 .comment       0x0000000000000079       0x7a zephyr/libzephyr.a(heap.c.obj)
 .comment       0x0000000000000079       0x7a zephyr/libzephyr.a(cbprintf_complete.c.obj)
 .comment       0x0000000000000079       0x7a zephyr/libzephyr.a(configs.c.obj)
 .comment       0x0000000000000079       0x7a zephyr/libzephyr.a(log_list.c.obj)
 .comment       0x0000000000000079       0x7a zephyr/libzephyr.a(log_core.c.obj)
 .comment       0x0000000000000079       0x7a zephyr/libzephyr.a(log_msg.c.obj)
 .comment       0x0000000000000079       0x7a zephyr/libzephyr.a(log_output.c.obj)
 .comment       0x0000000000000079       0x7a zephyr/libzephyr.a(log_backend_uart.c.obj)
 .comment       0x0000000000000079       0x7a zephyr/libzephyr.a(log_backend_rtt.c.obj)
 .comment       0x0000000000000079       0x7a zephyr/libzephyr.a(power.c.obj)
 .comment       0x0000000000000079       0x7a zephyr/libzephyr.a(uart_console.c.obj)
 .comment       0x0000000000000079       0x7a zephyr/libzephyr.a(clock_control_nrf.c.obj)
 .comment       0x0000000000000079       0x7a zephyr/libzephyr.a(sys_clock_init.c.obj)
 .comment       0x0000000000000079       0x7a zephyr/libzephyr.a(nrf_rtc_timer.c.obj)
 .comment       0x0000000000000079       0x7a zephyr/libzephyr.a(SEGGER_RTT.c.obj)
 .comment       0x0000000000000079       0x7a zephyr/libzephyr.a(SEGGER_RTT_zephyr.c.obj)
 .comment       0x0000000000000079       0x7a zephyr/arch/arch/arm/core/aarch32/libarch__arm__core__aarch32.a(swap.c.obj)
 .comment       0x0000000000000079       0x7a zephyr/arch/arch/arm/core/aarch32/libarch__arm__core__aarch32.a(irq_manage.c.obj)
 .comment       0x0000000000000079       0x7a zephyr/arch/arch/arm/core/aarch32/libarch__arm__core__aarch32.a(thread.c.obj)
 .comment       0x0000000000000079       0x7a zephyr/arch/arch/arm/core/aarch32/libarch__arm__core__aarch32.a(fatal.c.obj)
 .comment       0x0000000000000079       0x7a zephyr/arch/arch/arm/core/aarch32/libarch__arm__core__aarch32.a(nmi.c.obj)
 .comment       0x0000000000000079       0x7a zephyr/arch/arch/arm/core/aarch32/libarch__arm__core__aarch32.a(prep_c.c.obj)
 .comment       0x0000000000000079       0x7a zephyr/arch/arch/arm/core/aarch32/cortex_m/libarch__arm__core__aarch32__cortex_m.a(fault.c.obj)
 .comment       0x0000000000000079       0x7a zephyr/arch/arch/arm/core/aarch32/cortex_m/libarch__arm__core__aarch32__cortex_m.a(irq_init.c.obj)
 .comment       0x0000000000000079       0x7a zephyr/arch/arch/arm/core/aarch32/cortex_m/libarch__arm__core__aarch32__cortex_m.a(thread_abort.c.obj)
 .comment       0x0000000000000079       0x7a zephyr/arch/arch/arm/core/aarch32/cortex_m/mpu/libarch__arm__core__aarch32__cortex_m__mpu.a(arm_core_mpu.c.obj)
 .comment       0x0000000000000079       0x7a zephyr/arch/arch/arm/core/aarch32/cortex_m/mpu/libarch__arm__core__aarch32__cortex_m__mpu.a(arm_mpu.c.obj)
 .comment       0x0000000000000079       0x7a zephyr/lib/libc/minimal/liblib__libc__minimal.a(string.c.obj)
 .comment       0x0000000000000079       0x7a zephyr/lib/libc/minimal/liblib__libc__minimal.a(stdout_console.c.obj)
 .comment       0x0000000000000079       0x7a zephyr/soc/arm/common/cortex_m/libsoc__arm__common__cortex_m.a(arm_mpu_regions.c.obj)
 .comment       0x0000000000000079       0x7a zephyr/soc/arm/nordic_nrf/nrf52/libsoc__arm__nordic_nrf__nrf52.a(soc.c.obj)
 .comment       0x0000000000000079       0x7a zephyr/drivers/gpio/libdrivers__gpio.a(gpio_nrfx.c.obj)
 .comment       0x0000000000000079       0x7a zephyr/drivers/pwm/libdrivers__pwm.a(pwm_nrfx.c.obj)
 .comment       0x0000000000000079       0x7a zephyr/drivers/serial/libdrivers__serial.a(uart_nrfx_uarte.c.obj)
 .comment       0x0000000000000079       0x7a modules/nrf/lib/fatal_error/lib..__nrf__lib__fatal_error.a(fatal_error.c.obj)
 .comment       0x0000000000000079       0x7a modules/nordic/lib..__modules__hal__nordic.a(system_nrf52.c.obj)
 .comment       0x0000000000000079       0x7a modules/nordic/lib..__modules__hal__nordic.a(nrfx_glue.c.obj)
 .comment       0x0000000000000079       0x7a modules/nordic/lib..__modules__hal__nordic.a(nrfx_clock.c.obj)
 .comment       0x0000000000000079       0x7a modules/nordic/lib..__modules__hal__nordic.a(nrfx_ppi.c.obj)
 .comment       0x0000000000000079       0x7a modules/nordic/lib..__modules__hal__nordic.a(nrfx_pwm.c.obj)
 .comment       0x0000000000000079       0x7a zephyr/kernel/libkernel.a(device.c.obj)
 .comment       0x0000000000000079       0x7a zephyr/kernel/libkernel.a(errno.c.obj)
 .comment       0x0000000000000079       0x7a zephyr/kernel/libkernel.a(fatal.c.obj)
 .comment       0x0000000000000079       0x7a zephyr/kernel/libkernel.a(idle.c.obj)
 .comment       0x0000000000000079       0x7a zephyr/kernel/libkernel.a(init.c.obj)
 .comment       0x0000000000000079       0x7a zephyr/kernel/libkernel.a(mem_slab.c.obj)
 .comment       0x0000000000000079       0x7a zephyr/kernel/libkernel.a(mutex.c.obj)
 .comment       0x0000000000000079       0x7a zephyr/kernel/libkernel.a(sched.c.obj)
 .comment       0x0000000000000079       0x7a zephyr/kernel/libkernel.a(sem.c.obj)
 .comment       0x0000000000000079       0x7a zephyr/kernel/libkernel.a(thread.c.obj)
 .comment       0x0000000000000079       0x7a zephyr/kernel/libkernel.a(thread_abort.c.obj)
 .comment       0x0000000000000079       0x7a zephyr/kernel/libkernel.a(timeout.c.obj)
 .comment       0x0000000000000079       0x7a zephyr/kernel/libkernel.a(timer.c.obj)
 .comment       0x0000000000000079       0x7a zephyr/kernel/libkernel.a(kheap.c.obj)
 .comment       0x0000000000000079       0x7a zephyr/CMakeFiles/offsets.dir/arch/arm/core/offsets/offsets.c.obj

.debug
 *(SORT_BY_ALIGNMENT(.debug))

.line
 *(SORT_BY_ALIGNMENT(.line))

.debug_srcinfo
 *(SORT_BY_ALIGNMENT(.debug_srcinfo))

.debug_sfnames
 *(SORT_BY_ALIGNMENT(.debug_sfnames))

.debug_aranges  0x0000000000000000     0x1520
 *(SORT_BY_ALIGNMENT(.debug_aranges))
 .debug_aranges
                0x0000000000000000       0x28 zephyr/arch/arch/arm/core/aarch32/libarch__arm__core__aarch32.a(swap_helper.S.obj)
 .debug_aranges
                0x0000000000000028       0x30 zephyr/arch/arch/arm/core/aarch32/libarch__arm__core__aarch32.a(cpu_idle.S.obj)
 .debug_aranges
                0x0000000000000058       0x20 zephyr/arch/arch/arm/core/aarch32/libarch__arm__core__aarch32.a(nmi_on_reset.S.obj)
 .debug_aranges
                0x0000000000000078       0x20 zephyr/arch/arch/arm/core/aarch32/libarch__arm__core__aarch32.a(isr_wrapper.S.obj)
 .debug_aranges